BL51 BANKED LINKER/LOCATER V6.22                                                        07/13/2010  20:21:04  PAGE 1


BL51 BANKED LINKER/LOCATER V6.22, INVOKED BY:
D:\PROGRAM FILES\KEIL9.00\C51\BIN\BL51.EXE STARTUP.obj, ¿ØÖÆÏµÍ³.obj TO ¿ØÖÆÏµÍ³ RAMSIZE (256)


MEMORY MODEL: SMALL


INPUT MODULES INCLUDED:
  STARTUP.obj (?C_STARTUP)
  ¿ØÖÆÏµÍ³.obj (¿Ø_ÆÏµÍ³)
  D:\PROGRAM FILES\KEIL9.00\C51\LIB\C51S.LIB (?C_INIT)
  D:\PROGRAM FILES\KEIL9.00\C51\LIB\C51S.LIB (?C?COPY)
  D:\PROGRAM FILES\KEIL9.00\C51\LIB\C51S.LIB (?C?CLDPTR)
  D:\PROGRAM FILES\KEIL9.00\C51\LIB\C51S.LIB (?C?UIDIV)
  D:\PROGRAM FILES\KEIL9.00\C51\LIB\C51S.LIB (?C?SIDIV)
  D:\PROGRAM FILES\KEIL9.00\C51\LIB\C51S.LIB (?C?LADD)
  D:\PROGRAM FILES\KEIL9.00\C51\LIB\C51S.LIB (?C?LMUL)
  D:\PROGRAM FILES\KEIL9.00\C51\LIB\C51S.LIB (?C?ULDIV)
  D:\PROGRAM FILES\KEIL9.00\C51\LIB\C51S.LIB (?C?ULCMP)
  D:\PROGRAM FILES\KEIL9.00\C51\LIB\C51S.LIB (?C?OFFXADD)
  D:\PROGRAM FILES\KEIL9.00\C51\LIB\C51S.LIB (?C?PLDIIDATA)


LINK MAP OF MODULE:  ¿ØÖÆÏµÍ³ (?C_STARTUP)


            TYPE    BASE      LENGTH    RELOCATION   SEGMENT NAME
            -----------------------------------------------------

            * * * * * * *   D A T A   M E M O R Y   * * * * * * *
            REG     0000H     0008H     ABSOLUTE     "REG BANK 0"
            REG     0008H     0008H     ABSOLUTE     "REG BANK 1"
            REG     0010H     0008H     ABSOLUTE     "REG BANK 2"
                    0018H     0008H                  *** GAP ***
            DATA    0020H     0005H     BIT_ADDR     ?BA?¿Ø_ÆÏµÍ³
            DATA    0025H     0017H     UNIT         _DATA_GROUP_
            IDATA   003CH     003AH     UNIT         ?ID?¿Ø_ÆÏµÍ³
            IDATA   0076H     0001H     UNIT         ?STACK

            * * * * * * *   C O D E   M E M O R Y   * * * * * * *
            CODE    0000H     0003H     ABSOLUTE     
            CODE    0003H     0007H     INBLOCK      ?PR?_DELAY_B20?¿Ø_ÆÏµÍ³
                    000AH     0001H                  *** GAP ***
            CODE    000BH     0003H     ABSOLUTE     
            CODE    000EH     000BH     INBLOCK      ?PR?_DELAY?¿Ø_ÆÏµÍ³
                    0019H     0002H                  *** GAP ***
            CODE    001BH     0003H     ABSOLUTE     
            CODE    001EH     0FE1H     UNIT         ?CO?¿Ø_ÆÏµÍ³
                    0FFFH     0001H                  *** GAP ***
            CODE    1000H     0510H     INBLOCK      ?PR?¿Ø_ÆÏµÍ³
            CODE    1510H     02E0H     INBLOCK      ?PR?PASSW_FUNC?¿Ø_ÆÏµÍ³
            CODE    17F0H     0010H     INBLOCK      ?PR?TEMP_FUNC?¿Ø_ÆÏµÍ³
            CODE    1800H     0303H     INBLOCK      ?PR?TEMP_FUNC_SET?¿Ø_ÆÏµÍ³
            CODE    1B03H     02F1H     UNIT         ?C?LIB_CODE
            CODE    1DF4H     020BH     INBLOCK      ?PR?MULTIPLICATION?¿Ø_ÆÏµÍ³
                    1FFFH     0001H                  *** GAP ***
            CODE    2000H     02D7H     INBLOCK      ?PR?SUBTRACTION?¿Ø_ÆÏµÍ³
            CODE    22D7H     027EH     INBLOCK      ?PR?NBA_TIMER?¿Ø_ÆÏµÍ³
BL51 BANKED LINKER/LOCATER V6.22                                                      07/13/2010  20:21:04  PAGE 2


            CODE    2555H     0249H     INBLOCK      ?PR?INPUT_DATA?¿Ø_ÆÏµÍ³
            CODE    279EH     0052H     INBLOCK      ?PR?MODE1_2_UNION?¿Ø_ÆÏµÍ³
            CODE    27F0H     000FH     INBLOCK      ?PR?CHK_BUSY?¿Ø_ÆÏµÍ³
                    27FFH     0001H                  *** GAP ***
            CODE    2800H     0238H     INBLOCK      ?PR?DIVIDER?¿Ø_ÆÏµÍ³
            CODE    2A38H     0228H     INBLOCK      ?PR?ALARM_FUNC?¿Ø_ÆÏµÍ³
            CODE    2C60H     021EH     INBLOCK      ?PR?KEYPAD_SCAN?¿Ø_ÆÏµÍ³
            CODE    2E7EH     0165H     INBLOCK      ?PR?_SET_DIS?¿Ø_ÆÏµÍ³
            CODE    2FE3H     001AH     INBLOCK      ?PR?TIME_INIT?¿Ø_ÆÏµÍ³
                    2FFDH     0003H                  *** GAP ***
            CODE    3000H     01F0H     INBLOCK      ?PR?CALCULATOR?¿Ø_ÆÏµÍ³
            CODE    31F0H     01D8H     INBLOCK      ?PR?NBA_SET?¿Ø_ÆÏµÍ³
            CODE    33C8H     01C6H     INBLOCK      ?PR?ADJUST_FUNC?¿Ø_ÆÏµÍ³
            CODE    358EH     0193H     INBLOCK      ?PR?SET_FUNC?¿Ø_ÆÏµÍ³
            CODE    3721H     00DEH     INBLOCK      ?PR?INPUT_SECOND_PASSWORK?¿Ø_ÆÏµÍ³
                    37FFH     0001H                  *** GAP ***
            CODE    3800H     0163H     INBLOCK      ?PR?ADDER?¿Ø_ÆÏµÍ³
            CODE    3963H     0161H     INBLOCK      ?PR?MAIN?¿Ø_ÆÏµÍ³
            CODE    3AC4H     0160H     INBLOCK      ?PR?TEMP_FUNC_DIS?¿Ø_ÆÏµÍ³
            CODE    3C24H     0120H     INBLOCK      ?PR?DIS_MENU?¿Ø_ÆÏµÍ³
            CODE    3D44H     00F7H     INBLOCK      ?PR?VERSION_FUNC?¿Ø_ÆÏµÍ³
            CODE    3E3BH     00F1H     INBLOCK      ?PR?NBA_OTH_DIS?¿Ø_ÆÏµÍ³
            CODE    3F2CH     00C6H     INBLOCK      ?PR?CONVERSION_T?¿Ø_ÆÏµÍ³
            CODE    3FF2H     000EH     INBLOCK      ?PR?DELAY_PW?¿Ø_ÆÏµÍ³
            CODE    4000H     00EAH     INBLOCK      ?PR?DIS_MODE3?¿Ø_ÆÏµÍ³
            CODE    40EAH     00D6H     INBLOCK      ?PR?_DIS_CDATA?¿Ø_ÆÏµÍ³
            CODE    41C0H     00B6H     INBLOCK      ?PR?DIS_TEMP_MODE1?¿Ø_ÆÏµÍ³
            CODE    4276H     00ADH     INBLOCK      ?PR?_ANTI_NOR_PIC?¿Ø_ÆÏµÍ³
            CODE    4323H     00ADH     INBLOCK      ?PR?TOOL_FUNC?¿Ø_ÆÏµÍ³
            CODE    43D0H     009DH     INBLOCK      ?PR?DIS_TITLE?¿Ø_ÆÏµÍ³
            CODE    446DH     0096H     INBLOCK      ?PR?DIS_TIME_MODE2?¿Ø_ÆÏµÍ³
            CODE    4503H     008CH     UNIT         ?C_C51STARTUP
            CODE    458FH     0082H     INBLOCK      ?PR?_REMOVAL_DATA?¿Ø_ÆÏµÍ³
            CODE    4611H     007FH     INBLOCK      ?PR?WEEKS_DAY?¿Ø_ÆÏµÍ³
            CODE    4690H     007BH     INBLOCK      ?PR?DIS_DATE_MODE1?¿Ø_ÆÏµÍ³
            CODE    470BH     0073H     INBLOCK      ?PR?_DIS_DATE_MODE2?¿Ø_ÆÏµÍ³
            CODE    477EH     0070H     INBLOCK      ?PR?TIME0_ISR?¿Ø_ÆÏµÍ³
            CODE    47EEH     0012H     INBLOCK      ?PR?INIT_LCD?¿Ø_ÆÏµÍ³
            CODE    4800H     0067H     INBLOCK      ?PR?INPUT_PASSWORK?¿Ø_ÆÏµÍ³
            CODE    4867H     0066H     INBLOCK      ?PR?NBA_DIS_TIME?¿Ø_ÆÏµÍ³
            CODE    48CDH     004FH     INBLOCK      ?PR?GOTKEY?¿Ø_ÆÏµÍ³
            CODE    491CH     004EH     INBLOCK      ?PR?ASJUST_TIME?¿Ø_ÆÏµÍ³
            CODE    496AH     004BH     INBLOCK      ?PR?_DIS_RUN_STATE?¿Ø_ÆÏµÍ³
            CODE    49B5H     004AH     INBLOCK      ?PR?_NUM2_ASC_DIS?¿Ø_ÆÏµÍ³
            CODE    49FFH     0049H     INBLOCK      ?PR?DIS_TITLE_E?¿Ø_ÆÏµÍ³
            CODE    4A48H     0043H     INBLOCK      ?PR?INIT_WDS1302_RAM?¿Ø_ÆÏµÍ³
            CODE    4A8BH     0043H     INBLOCK      ?PR?SAVE_Y_OR_N?¿Ø_ÆÏµÍ³
            CODE    4ACEH     0041H     INBLOCK      ?PR?_DIS_MENU_KEY?¿Ø_ÆÏµÍ³
            CODE    4B0FH     003EH     INBLOCK      ?PR?WDS1302_TIME_DATE?¿Ø_ÆÏµÍ³
            CODE    4B4DH     003EH     INBLOCK      ?PR?DIS_TIME_MODE1?¿Ø_ÆÏµÍ³
            CODE    4B8BH     003DH     INBLOCK      ?PR?PASSWORK_COMP?¿Ø_ÆÏµÍ³
            CODE    4BC8H     003BH     INBLOCK      ?PR?_CON_DISP?¿Ø_ÆÏµÍ³
            CODE    4C03H     0035H     INBLOCK      ?PR?_KEY_DIS?¿Ø_ÆÏµÍ³
            CODE    4C38H     0033H     INBLOCK      ?PR?TIME1_ISR?¿Ø_ÆÏµÍ³
            CODE    4C6BH     0031H     INBLOCK      ?PR?DS18B20_FUNC?¿Ø_ÆÏµÍ³
            CODE    4C9CH     002EH     INBLOCK      ?PR?RDS1302_TIME?¿Ø_ÆÏµÍ³
            CODE    4CCAH     002EH     INBLOCK      ?PR?RECEIVE18B20?¿Ø_ÆÏµÍ³
BL51 BANKED LINKER/LOCATER V6.22                                                      07/13/2010  20:21:04  PAGE 3


            CODE    4CF8H     002AH     INBLOCK      ?PR?_R1302?¿Ø_ÆÏµÍ³
            CODE    4D22H     002AH     INBLOCK      ?PR?_DISPLAY_CNASC?¿Ø_ÆÏµÍ³
            CODE    4D4CH     0029H     INBLOCK      ?PR?CLRGDRAM?¿Ø_ÆÏµÍ³
            CODE    4D75H     0027H     INBLOCK      ?PR?PASSWORK_FINISH?¿Ø_ÆÏµÍ³
            CODE    4D9CH     0027H     UNIT         ?C_INITSEG
            CODE    4DC3H     0024H     INBLOCK      ?PR?RDS1302_DATA?¿Ø_ÆÏµÍ³
            CODE    4DE7H     0023H     INBLOCK      ?PR?_W1302?¿Ø_ÆÏµÍ³
            CODE    4E0AH     0021H     INBLOCK      ?PR?RDS1302_DATE?¿Ø_ÆÏµÍ³
            CODE    4E2BH     001EH     INBLOCK      ?PR?_MONTHDAY?¿Ø_ÆÏµÍ³
            CODE    4E49H     001AH     INBLOCK      ?PR?INIT_DS18B20?¿Ø_ÆÏµÍ³
            CODE    4E63H     001AH     INBLOCK      ?PR?_SEND18B20_BYTE?¿Ø_ÆÏµÍ³
            CODE    4E7DH     001AH     INBLOCK      ?PR?DIS_TITLE_PIC?¿Ø_ÆÏµÍ³
            CODE    4E97H     0018H     INBLOCK      ?PR?DIS_MODE2?¿Ø_ÆÏµÍ³
            CODE    4EAFH     0017H     INBLOCK      ?PR?_WR_LCD?¿Ø_ÆÏµÍ³
            CODE    4EC6H     0015H     INBLOCK      ?PR?_WDS1302_DATA?¿Ø_ÆÏµÍ³
            CODE    4EDBH     0011H     INBLOCK      ?PR?ENTER_DIS?¿Ø_ÆÏµÍ³
            CODE    4EECH     000BH     INBLOCK      ?PR?CLEAR_DIS?¿Ø_ÆÏµÍ³
            CODE    4EF7H     0009H     INBLOCK      ?PR?DIS_MODE1?¿Ø_ÆÏµÍ³
            CODE    4F00H     0006H     INBLOCK      ?PR?INIT_DS1302?¿Ø_ÆÏµÍ³



OVERLAY MAP OF MODULE:   ¿ØÖÆÏµÍ³ (?C_STARTUP)


SEGMENT                                      DATA_GROUP 
  +--> CALLED SEGMENT                      START    LENGTH
----------------------------------------------------------
?C_C51STARTUP                              -----    -----
  +--> ?PR?MAIN?¿Ø_ÆÏµÍ³
  +--> ?C_INITSEG

?PR?MAIN?¿Ø_ÆÏµÍ³                          0025H    0001H
  +--> ?PR?INIT_LCD?¿Ø_ÆÏµÍ³
  +--> ?PR?_R1302?¿Ø_ÆÏµÍ³
  +--> ?CO?¿Ø_ÆÏµÍ³
  +--> ?PR?_DISPLAY_CNASC?¿Ø_ÆÏµÍ³
  +--> ?PR?INIT_DS1302?¿Ø_ÆÏµÍ³
  +--> ?PR?RDS1302_DATA?¿Ø_ÆÏµÍ³
  +--> ?PR?RDS1302_DATE?¿Ø_ÆÏµÍ³
  +--> ?PR?RDS1302_TIME?¿Ø_ÆÏµÍ³
  +--> ?PR?INIT_DS18B20?¿Ø_ÆÏµÍ³
  +--> ?PR?DS18B20_FUNC?¿Ø_ÆÏµÍ³
  +--> ?PR?TIME_INIT?¿Ø_ÆÏµÍ³
  +--> ?PR?DELAY_PW?¿Ø_ÆÏµÍ³
  +--> ?PR?CLEAR_DIS?¿Ø_ÆÏµÍ³
  +--> ?PR?DIS_MODE2?¿Ø_ÆÏµÍ³
  +--> ?PR?DIS_MODE3?¿Ø_ÆÏµÍ³
  +--> ?PR?DIS_MODE1?¿Ø_ÆÏµÍ³
  +--> ?PR?GOTKEY?¿Ø_ÆÏµÍ³
  +--> ?PR?DIS_TITLE_E?¿Ø_ÆÏµÍ³
  +--> ?PR?¿Ø_ÆÏµÍ³
  +--> ?PR?INPUT_PASSWORK?¿Ø_ÆÏµÍ³
  +--> ?PR?PASSWORK_COMP?¿Ø_ÆÏµÍ³
  +--> ?PR?_DIS_MENU_KEY?¿Ø_ÆÏµÍ³
  +--> ?PR?DIS_MENU?¿Ø_ÆÏµÍ³
  +--> ?PR?ADJUST_FUNC?¿Ø_ÆÏµÍ³
BL51 BANKED LINKER/LOCATER V6.22                                                      07/13/2010  20:21:04  PAGE 4


  +--> ?PR?TOOL_FUNC?¿Ø_ÆÏµÍ³
  +--> ?PR?CALCULATOR?¿Ø_ÆÏµÍ³
  +--> ?PR?TEMP_FUNC?¿Ø_ÆÏµÍ³
  +--> ?PR?ALARM_FUNC?¿Ø_ÆÏµÍ³
  +--> ?PR?NBA_TIMER?¿Ø_ÆÏµÍ³
  +--> ?PR?SET_FUNC?¿Ø_ÆÏµÍ³
  +--> ?PR?PASSW_FUNC?¿Ø_ÆÏµÍ³
  +--> ?PR?VERSION_FUNC?¿Ø_ÆÏµÍ³

?PR?INIT_LCD?¿Ø_ÆÏµÍ³                      -----    -----
  +--> ?PR?¿Ø_ÆÏµÍ³
  +--> ?PR?_WR_LCD?¿Ø_ÆÏµÍ³
  +--> ?PR?CLEAR_DIS?¿Ø_ÆÏµÍ³

?PR?¿Ø_ÆÏµÍ³                               -----    -----
  +--> ?CO?¿Ø_ÆÏµÍ³
  +--> ?PR?_WR_LCD?¿Ø_ÆÏµÍ³
  +--> ?PR?RDS1302_DATE?¿Ø_ÆÏµÍ³
  +--> ?PR?RDS1302_TIME?¿Ø_ÆÏµÍ³
  +--> ?PR?_DELAY?¿Ø_ÆÏµÍ³
  +--> ?PR?_R1302?¿Ø_ÆÏµÍ³
  +--> ?PR?_W1302?¿Ø_ÆÏµÍ³
  +--> ?PR?_MONTHDAY?¿Ø_ÆÏµÍ³

?PR?_WR_LCD?¿Ø_ÆÏµÍ³                       -----    -----
  +--> ?PR?CHK_BUSY?¿Ø_ÆÏµÍ³

?PR?RDS1302_DATE?¿Ø_ÆÏµÍ³                  -----    -----
  +--> ?PR?_R1302?¿Ø_ÆÏµÍ³

?PR?RDS1302_TIME?¿Ø_ÆÏµÍ³                  -----    -----
  +--> ?PR?RDS1302_DATE?¿Ø_ÆÏµÍ³
  +--> ?PR?_R1302?¿Ø_ÆÏµÍ³

?PR?_MONTHDAY?¿Ø_ÆÏµÍ³                     -----    -----
  +--> ?CO?¿Ø_ÆÏµÍ³

?PR?CLEAR_DIS?¿Ø_ÆÏµÍ³                     -----    -----
  +--> ?PR?¿Ø_ÆÏµÍ³
  +--> ?PR?_WR_LCD?¿Ø_ÆÏµÍ³
  +--> ?PR?CLRGDRAM?¿Ø_ÆÏµÍ³

?PR?CLRGDRAM?¿Ø_ÆÏµÍ³                      -----    -----
  +--> ?PR?¿Ø_ÆÏµÍ³
  +--> ?PR?_WR_LCD?¿Ø_ÆÏµÍ³

?PR?_DISPLAY_CNASC?¿Ø_ÆÏµÍ³                0037H    0003H
  +--> ?PR?¿Ø_ÆÏµÍ³
  +--> ?PR?_WR_LCD?¿Ø_ÆÏµÍ³

?PR?INIT_DS1302?¿Ø_ÆÏµÍ³                   -----    -----
  +--> ?PR?WDS1302_TIME_DATE?¿Ø_ÆÏµÍ³
  +--> ?PR?INIT_WDS1302_RAM?¿Ø_ÆÏµÍ³

?PR?WDS1302_TIME_DATE?¿Ø_ÆÏµÍ³             -----    -----
  +--> ?PR?_W1302?¿Ø_ÆÏµÍ³
  +--> ?PR?¿Ø_ÆÏµÍ³
BL51 BANKED LINKER/LOCATER V6.22                                                      07/13/2010  20:21:04  PAGE 5



?PR?INIT_WDS1302_RAM?¿Ø_ÆÏµÍ³              -----    -----
  +--> ?PR?_W1302?¿Ø_ÆÏµÍ³
  +--> ?PR?¿Ø_ÆÏµÍ³

?PR?RDS1302_DATA?¿Ø_ÆÏµÍ³                  -----    -----
  +--> ?PR?_R1302?¿Ø_ÆÏµÍ³
  +--> ?PR?¿Ø_ÆÏµÍ³

?PR?INIT_DS18B20?¿Ø_ÆÏµÍ³                  -----    -----
  +--> ?PR?_DELAY_B20?¿Ø_ÆÏµÍ³

?PR?DS18B20_FUNC?¿Ø_ÆÏµÍ³                  -----    -----
  +--> ?PR?INIT_DS18B20?¿Ø_ÆÏµÍ³
  +--> ?PR?_SEND18B20_BYTE?¿Ø_ÆÏµÍ³
  +--> ?PR?DELAY_PW?¿Ø_ÆÏµÍ³
  +--> ?PR?RECEIVE18B20?¿Ø_ÆÏµÍ³
  +--> ?PR?CONVERSION_T?¿Ø_ÆÏµÍ³

?PR?_SEND18B20_BYTE?¿Ø_ÆÏµÍ³               -----    -----
  +--> ?PR?_DELAY_B20?¿Ø_ÆÏµÍ³

?PR?DELAY_PW?¿Ø_ÆÏµÍ³                      -----    -----
  +--> ?PR?_DELAY?¿Ø_ÆÏµÍ³

?PR?RECEIVE18B20?¿Ø_ÆÏµÍ³                  -----    -----
  +--> ?PR?_DELAY_B20?¿Ø_ÆÏµÍ³

?PR?TIME_INIT?¿Ø_ÆÏµÍ³                     -----    -----
  +--> ?PR?¿Ø_ÆÏµÍ³

?PR?DIS_MODE2?¿Ø_ÆÏµÍ³                     -----    -----
  +--> ?PR?_DIS_DATE_MODE2?¿Ø_ÆÏµÍ³
  +--> ?CO?¿Ø_ÆÏµÍ³
  +--> ?PR?_DISPLAY_CNASC?¿Ø_ÆÏµÍ³
  +--> ?PR?DIS_TIME_MODE2?¿Ø_ÆÏµÍ³
  +--> ?PR?MODE1_2_UNION?¿Ø_ÆÏµÍ³

?PR?_DIS_DATE_MODE2?¿Ø_ÆÏµÍ³               0031H    0003H
  +--> ?CO?¿Ø_ÆÏµÍ³
  +--> ?PR?_DISPLAY_CNASC?¿Ø_ÆÏµÍ³
  +--> ?PR?¿Ø_ÆÏµÍ³

?PR?DIS_TIME_MODE2?¿Ø_ÆÏµÍ³                -----    -----
  +--> ?PR?_NUM2_ASC_DIS?¿Ø_ÆÏµÍ³
  +--> ?PR?_DIS_RUN_STATE?¿Ø_ÆÏµÍ³

?PR?_NUM2_ASC_DIS?¿Ø_ÆÏµÍ³                 0031H    0002H
  +--> ?PR?_WR_LCD?¿Ø_ÆÏµÍ³
  +--> ?CO?¿Ø_ÆÏµÍ³
  +--> ?PR?¿Ø_ÆÏµÍ³

?PR?_DIS_RUN_STATE?¿Ø_ÆÏµÍ³                0035H    0004H
  +--> ?PR?¿Ø_ÆÏµÍ³
  +--> ?PR?_WR_LCD?¿Ø_ÆÏµÍ³

?PR?MODE1_2_UNION?¿Ø_ÆÏµÍ³                 0033H    0001H
BL51 BANKED LINKER/LOCATER V6.22                                                      07/13/2010  20:21:04  PAGE 6


  +--> ?CO?¿Ø_ÆÏµÍ³
  +--> ?PR?_DISPLAY_CNASC?¿Ø_ÆÏµÍ³
  +--> ?PR?_DIS_RUN_STATE?¿Ø_ÆÏµÍ³
  +--> ?PR?_DIS_MENU_KEY?¿Ø_ÆÏµÍ³

?PR?_DIS_MENU_KEY?¿Ø_ÆÏµÍ³                 0035H    0001H
  +--> ?PR?¿Ø_ÆÏµÍ³
  +--> ?PR?_CON_DISP?¿Ø_ÆÏµÍ³

?PR?_CON_DISP?¿Ø_ÆÏµÍ³                     0036H    0006H
  +--> ?PR?¿Ø_ÆÏµÍ³
  +--> ?PR?_WR_LCD?¿Ø_ÆÏµÍ³

?PR?DIS_MODE3?¿Ø_ÆÏµÍ³                     0031H    0004H
  +--> ?PR?¿Ø_ÆÏµÍ³
  +--> ?PR?_WR_LCD?¿Ø_ÆÏµÍ³
  +--> ?CO?¿Ø_ÆÏµÍ³
  +--> ?PR?_DIS_RUN_STATE?¿Ø_ÆÏµÍ³
  +--> ?PR?_DIS_MENU_KEY?¿Ø_ÆÏµÍ³

?PR?DIS_MODE1?¿Ø_ÆÏµÍ³                     -----    -----
  +--> ?PR?DIS_DATE_MODE1?¿Ø_ÆÏµÍ³
  +--> ?PR?DIS_TIME_MODE1?¿Ø_ÆÏµÍ³
  +--> ?PR?DIS_TEMP_MODE1?¿Ø_ÆÏµÍ³

?PR?DIS_DATE_MODE1?¿Ø_ÆÏµÍ³                0031H    0002H
  +--> ?CO?¿Ø_ÆÏµÍ³
  +--> ?PR?_DISPLAY_CNASC?¿Ø_ÆÏµÍ³
  +--> ?PR?¿Ø_ÆÏµÍ³
  +--> ?PR?MODE1_2_UNION?¿Ø_ÆÏµÍ³

?PR?DIS_TIME_MODE1?¿Ø_ÆÏµÍ³                0031H    0002H
  +--> ?PR?¿Ø_ÆÏµÍ³
  +--> ?PR?_DISPLAY_CNASC?¿Ø_ÆÏµÍ³

?PR?DIS_TEMP_MODE1?¿Ø_ÆÏµÍ³                0031H    0002H
  +--> ?CO?¿Ø_ÆÏµÍ³
  +--> ?PR?¿Ø_ÆÏµÍ³
  +--> ?PR?_DISPLAY_CNASC?¿Ø_ÆÏµÍ³

?PR?GOTKEY?¿Ø_ÆÏµÍ³                        002EH    0001H
  +--> ?PR?_DELAY?¿Ø_ÆÏµÍ³
  +--> ?PR?¿Ø_ÆÏµÍ³
  +--> ?PR?KEYPAD_SCAN?¿Ø_ÆÏµÍ³
  +--> ?CO?¿Ø_ÆÏµÍ³

?PR?KEYPAD_SCAN?¿Ø_ÆÏµÍ³                   002FH    0002H
  +--> ?PR?_DELAY?¿Ø_ÆÏµÍ³
  +--> ?PR?RDS1302_TIME?¿Ø_ÆÏµÍ³
  +--> ?PR?DIS_TIME_MODE2?¿Ø_ÆÏµÍ³
  +--> ?PR?_DIS_DATE_MODE2?¿Ø_ÆÏµÍ³
  +--> ?PR?DIS_MODE3?¿Ø_ÆÏµÍ³
  +--> ?PR?DIS_TIME_MODE1?¿Ø_ÆÏµÍ³
  +--> ?PR?DIS_DATE_MODE1?¿Ø_ÆÏµÍ³
  +--> ?PR?¿Ø_ÆÏµÍ³
  +--> ?CO?¿Ø_ÆÏµÍ³
  +--> ?PR?DS18B20_FUNC?¿Ø_ÆÏµÍ³
BL51 BANKED LINKER/LOCATER V6.22                                                      07/13/2010  20:21:04  PAGE 7


  +--> ?PR?DIS_TEMP_MODE1?¿Ø_ÆÏµÍ³
  +--> ?PR?_DISPLAY_CNASC?¿Ø_ÆÏµÍ³
  +--> ?PR?NBA_DIS_TIME?¿Ø_ÆÏµÍ³
  +--> ?PR?DELAY_PW?¿Ø_ÆÏµÍ³

?PR?NBA_DIS_TIME?¿Ø_ÆÏµÍ³                  0031H    0003H
  +--> ?PR?¿Ø_ÆÏµÍ³
  +--> ?PR?_DISPLAY_CNASC?¿Ø_ÆÏµÍ³
  +--> ?CO?¿Ø_ÆÏµÍ³

?PR?DIS_TITLE_E?¿Ø_ÆÏµÍ³                   -----    -----
  +--> ?CO?¿Ø_ÆÏµÍ³
  +--> ?PR?_DISPLAY_CNASC?¿Ø_ÆÏµÍ³
  +--> ?PR?¿Ø_ÆÏµÍ³
  +--> ?PR?_CON_DISP?¿Ø_ÆÏµÍ³

?PR?INPUT_PASSWORK?¿Ø_ÆÏµÍ³                0029H    0003H
  +--> ?CO?¿Ø_ÆÏµÍ³
  +--> ?PR?_DISPLAY_CNASC?¿Ø_ÆÏµÍ³
  +--> ?PR?GOTKEY?¿Ø_ÆÏµÍ³
  +--> ?PR?_DELAY?¿Ø_ÆÏµÍ³
  +--> ?PR?¿Ø_ÆÏµÍ³

?PR?PASSWORK_COMP?¿Ø_ÆÏµÍ³                 -----    -----
  +--> ?PR?PASSWORK_FINISH?¿Ø_ÆÏµÍ³
  +--> ?PR?_R1302?¿Ø_ÆÏµÍ³
  +--> ?CO?¿Ø_ÆÏµÍ³
  +--> ?PR?_DISPLAY_CNASC?¿Ø_ÆÏµÍ³
  +--> ?PR?DELAY_PW?¿Ø_ÆÏµÍ³
  +--> ?PR?¿Ø_ÆÏµÍ³

?PR?DIS_MENU?¿Ø_ÆÏµÍ³                      0026H    0003H
  +--> ?CO?¿Ø_ÆÏµÍ³
  +--> ?PR?¿Ø_ÆÏµÍ³
  +--> ?PR?_DISPLAY_CNASC?¿Ø_ÆÏµÍ³
  +--> ?PR?DIS_TITLE?¿Ø_ÆÏµÍ³
  +--> ?PR?_CON_DISP?¿Ø_ÆÏµÍ³
  +--> ?PR?DIS_TITLE_PIC?¿Ø_ÆÏµÍ³
  +--> ?PR?_ANTI_NOR_PIC?¿Ø_ÆÏµÍ³
  +--> ?PR?GOTKEY?¿Ø_ÆÏµÍ³
  +--> ?PR?ENTER_DIS?¿Ø_ÆÏµÍ³
  +--> ?PR?_KEY_DIS?¿Ø_ÆÏµÍ³

?PR?DIS_TITLE?¿Ø_ÆÏµÍ³                     -----    -----
  +--> ?CO?¿Ø_ÆÏµÍ³
  +--> ?PR?_DISPLAY_CNASC?¿Ø_ÆÏµÍ³
  +--> ?PR?¿Ø_ÆÏµÍ³
  +--> ?PR?_CON_DISP?¿Ø_ÆÏµÍ³

?PR?DIS_TITLE_PIC?¿Ø_ÆÏµÍ³                 -----    -----
  +--> ?CO?¿Ø_ÆÏµÍ³
  +--> ?PR?_DISPLAY_CNASC?¿Ø_ÆÏµÍ³

?PR?_ANTI_NOR_PIC?¿Ø_ÆÏµÍ³                 0029H    0004H
  +--> ?CO?¿Ø_ÆÏµÍ³
  +--> ?PR?_DISPLAY_CNASC?¿Ø_ÆÏµÍ³
  +--> ?PR?¿Ø_ÆÏµÍ³
BL51 BANKED LINKER/LOCATER V6.22                                                      07/13/2010  20:21:04  PAGE 8


  +--> ?PR?_WR_LCD?¿Ø_ÆÏµÍ³

?PR?ENTER_DIS?¿Ø_ÆÏµÍ³                     -----    -----
  +--> ?CO?¿Ø_ÆÏµÍ³
  +--> ?PR?¿Ø_ÆÏµÍ³
  +--> ?PR?_DISPLAY_CNASC?¿Ø_ÆÏµÍ³
  +--> ?PR?_DELAY?¿Ø_ÆÏµÍ³

?PR?_KEY_DIS?¿Ø_ÆÏµÍ³                      002CH    0001H
  +--> ?CO?¿Ø_ÆÏµÍ³
  +--> ?PR?_DISPLAY_CNASC?¿Ø_ÆÏµÍ³
  +--> ?PR?_DELAY?¿Ø_ÆÏµÍ³

?PR?ADJUST_FUNC?¿Ø_ÆÏµÍ³                   0026H    0003H
  +--> ?PR?DIS_TITLE_E?¿Ø_ÆÏµÍ³
  +--> ?CO?¿Ø_ÆÏµÍ³
  +--> ?PR?¿Ø_ÆÏµÍ³
  +--> ?PR?_DISPLAY_CNASC?¿Ø_ÆÏµÍ³
  +--> ?PR?RDS1302_TIME?¿Ø_ÆÏµÍ³
  +--> ?PR?_DIS_DATE_MODE2?¿Ø_ÆÏµÍ³
  +--> ?PR?ASJUST_TIME?¿Ø_ÆÏµÍ³
  +--> ?PR?_CON_DISP?¿Ø_ÆÏµÍ³
  +--> ?PR?GOTKEY?¿Ø_ÆÏµÍ³
  +--> ?PR?WEEKS_DAY?¿Ø_ÆÏµÍ³
  +--> ?PR?SAVE_Y_OR_N?¿Ø_ÆÏµÍ³
  +--> ?PR?WDS1302_TIME_DATE?¿Ø_ÆÏµÍ³

?PR?ASJUST_TIME?¿Ø_ÆÏµÍ³                   0029H    0002H
  +--> ?CO?¿Ø_ÆÏµÍ³
  +--> ?PR?_DISPLAY_CNASC?¿Ø_ÆÏµÍ³
  +--> ?PR?¿Ø_ÆÏµÍ³

?PR?WEEKS_DAY?¿Ø_ÆÏµÍ³                     -----    -----
  +--> ?PR?¿Ø_ÆÏµÍ³
  +--> ?CO?¿Ø_ÆÏµÍ³

?PR?SAVE_Y_OR_N?¿Ø_ÆÏµÍ³                   002AH    0001H
  +--> ?PR?CLEAR_DIS?¿Ø_ÆÏµÍ³
  +--> ?CO?¿Ø_ÆÏµÍ³
  +--> ?PR?_DISPLAY_CNASC?¿Ø_ÆÏµÍ³
  +--> ?PR?¿Ø_ÆÏµÍ³
  +--> ?PR?GOTKEY?¿Ø_ÆÏµÍ³
  +--> ?PR?_DELAY?¿Ø_ÆÏµÍ³

?PR?TOOL_FUNC?¿Ø_ÆÏµÍ³                     0026H    0003H
  +--> ?CO?¿Ø_ÆÏµÍ³
  +--> ?PR?¿Ø_ÆÏµÍ³
  +--> ?PR?_DISPLAY_CNASC?¿Ø_ÆÏµÍ³
  +--> ?PR?DIS_TITLE?¿Ø_ÆÏµÍ³
  +--> ?PR?_CON_DISP?¿Ø_ÆÏµÍ³
  +--> ?PR?GOTKEY?¿Ø_ÆÏµÍ³
  +--> ?PR?ENTER_DIS?¿Ø_ÆÏµÍ³
  +--> ?PR?_KEY_DIS?¿Ø_ÆÏµÍ³

?PR?CALCULATOR?¿Ø_ÆÏµÍ³                    0026H    0002H
  +--> ?PR?DIS_TITLE_E?¿Ø_ÆÏµÍ³
  +--> ?CO?¿Ø_ÆÏµÍ³
BL51 BANKED LINKER/LOCATER V6.22                                                      07/13/2010  20:21:04  PAGE 9


  +--> ?PR?¿Ø_ÆÏµÍ³
  +--> ?PR?_DISPLAY_CNASC?¿Ø_ÆÏµÍ³
  +--> ?PR?INPUT_DATA?¿Ø_ÆÏµÍ³
  +--> ?PR?ADDER?¿Ø_ÆÏµÍ³
  +--> ?PR?SUBTRACTION?¿Ø_ÆÏµÍ³
  +--> ?PR?MULTIPLICATION?¿Ø_ÆÏµÍ³
  +--> ?PR?DIVIDER?¿Ø_ÆÏµÍ³
  +--> ?PR?_REMOVAL_DATA?¿Ø_ÆÏµÍ³
  +--> ?PR?_DIS_CDATA?¿Ø_ÆÏµÍ³
  +--> ?PR?GOTKEY?¿Ø_ÆÏµÍ³

?PR?INPUT_DATA?¿Ø_ÆÏµÍ³                    0028H    0002H
  +--> ?PR?GOTKEY?¿Ø_ÆÏµÍ³
  +--> ?CO?¿Ø_ÆÏµÍ³
  +--> ?PR?¿Ø_ÆÏµÍ³
  +--> ?PR?_CON_DISP?¿Ø_ÆÏµÍ³
  +--> ?PR?_DIS_CDATA?¿Ø_ÆÏµÍ³
  +--> ?PR?_REMOVAL_DATA?¿Ø_ÆÏµÍ³
  +--> ?PR?_DISPLAY_CNASC?¿Ø_ÆÏµÍ³

?PR?_DIS_CDATA?¿Ø_ÆÏµÍ³                    002AH    0004H
  +--> ?CO?¿Ø_ÆÏµÍ³
  +--> ?PR?_DISPLAY_CNASC?¿Ø_ÆÏµÍ³
  +--> ?PR?¿Ø_ÆÏµÍ³

?PR?_REMOVAL_DATA?¿Ø_ÆÏµÍ³                 0034H    0003H
  +--> ?PR?¿Ø_ÆÏµÍ³
  +--> ?PR?_DISPLAY_CNASC?¿Ø_ÆÏµÍ³

?PR?ADDER?¿Ø_ÆÏµÍ³                         0028H    0001H
  +--> ?PR?¿Ø_ÆÏµÍ³
  +--> ?PR?_REMOVAL_DATA?¿Ø_ÆÏµÍ³

?PR?SUBTRACTION?¿Ø_ÆÏµÍ³                   0028H    0005H
  +--> ?PR?¿Ø_ÆÏµÍ³
  +--> ?PR?_REMOVAL_DATA?¿Ø_ÆÏµÍ³

?PR?MULTIPLICATION?¿Ø_ÆÏµÍ³                0028H    0003H
  +--> ?PR?¿Ø_ÆÏµÍ³
  +--> ?PR?_REMOVAL_DATA?¿Ø_ÆÏµÍ³

?PR?DIVIDER?¿Ø_ÆÏµÍ³                       0028H    000CH
  +--> ?PR?¿Ø_ÆÏµÍ³
  +--> ?PR?_REMOVAL_DATA?¿Ø_ÆÏµÍ³

?PR?TEMP_FUNC?¿Ø_ÆÏµÍ³                     -----    -----
  +--> ?PR?TEMP_FUNC_DIS?¿Ø_ÆÏµÍ³
  +--> ?PR?TEMP_FUNC_SET?¿Ø_ÆÏµÍ³

?PR?TEMP_FUNC_DIS?¿Ø_ÆÏµÍ³                 0026H    0002H
  +--> ?PR?CLEAR_DIS?¿Ø_ÆÏµÍ³
  +--> ?PR?DIS_TITLE_E?¿Ø_ÆÏµÍ³
  +--> ?CO?¿Ø_ÆÏµÍ³
  +--> ?PR?_DISPLAY_CNASC?¿Ø_ÆÏµÍ³
  +--> ?PR?_NUM2_ASC_DIS?¿Ø_ÆÏµÍ³
  +--> ?PR?¿Ø_ÆÏµÍ³
  +--> ?PR?_CON_DISP?¿Ø_ÆÏµÍ³
BL51 BANKED LINKER/LOCATER V6.22                                                      07/13/2010  20:21:04  PAGE 10


  +--> ?PR?DELAY_PW?¿Ø_ÆÏµÍ³
  +--> ?PR?GOTKEY?¿Ø_ÆÏµÍ³

?PR?TEMP_FUNC_SET?¿Ø_ÆÏµÍ³                 0026H    0002H
  +--> ?PR?RDS1302_DATA?¿Ø_ÆÏµÍ³
  +--> ?PR?¿Ø_ÆÏµÍ³
  +--> ?PR?_CON_DISP?¿Ø_ÆÏµÍ³
  +--> ?PR?GOTKEY?¿Ø_ÆÏµÍ³
  +--> ?PR?CLEAR_DIS?¿Ø_ÆÏµÍ³
  +--> ?PR?DIS_TITLE_E?¿Ø_ÆÏµÍ³
  +--> ?PR?_DISPLAY_CNASC?¿Ø_ÆÏµÍ³
  +--> ?CO?¿Ø_ÆÏµÍ³
  +--> ?PR?SAVE_Y_OR_N?¿Ø_ÆÏµÍ³
  +--> ?PR?_WDS1302_DATA?¿Ø_ÆÏµÍ³

?PR?_WDS1302_DATA?¿Ø_ÆÏµÍ³                 -----    -----
  +--> ?PR?_W1302?¿Ø_ÆÏµÍ³
  +--> ?PR?¿Ø_ÆÏµÍ³

?PR?ALARM_FUNC?¿Ø_ÆÏµÍ³                    0026H    0004H
  +--> ?PR?CLEAR_DIS?¿Ø_ÆÏµÍ³
  +--> ?PR?DIS_TITLE_E?¿Ø_ÆÏµÍ³
  +--> ?CO?¿Ø_ÆÏµÍ³
  +--> ?PR?¿Ø_ÆÏµÍ³
  +--> ?PR?_DISPLAY_CNASC?¿Ø_ÆÏµÍ³
  +--> ?PR?_CON_DISP?¿Ø_ÆÏµÍ³
  +--> ?PR?GOTKEY?¿Ø_ÆÏµÍ³
  +--> ?PR?SAVE_Y_OR_N?¿Ø_ÆÏµÍ³
  +--> ?PR?_WDS1302_DATA?¿Ø_ÆÏµÍ³

?PR?NBA_TIMER?¿Ø_ÆÏµÍ³                     0026H    0003H
  +--> ?PR?TIME_INIT?¿Ø_ÆÏµÍ³
  +--> ?CO?¿Ø_ÆÏµÍ³
  +--> ?PR?¿Ø_ÆÏµÍ³
  +--> ?PR?_DISPLAY_CNASC?¿Ø_ÆÏµÍ³
  +--> ?PR?DIS_TITLE_E?¿Ø_ÆÏµÍ³
  +--> ?PR?_REMOVAL_DATA?¿Ø_ÆÏµÍ³
  +--> ?PR?GOTKEY?¿Ø_ÆÏµÍ³
  +--> ?PR?NBA_SET?¿Ø_ÆÏµÍ³
  +--> ?PR?CLEAR_DIS?¿Ø_ÆÏµÍ³
  +--> ?PR?NBA_OTH_DIS?¿Ø_ÆÏµÍ³
  +--> ?PR?_NUM2_ASC_DIS?¿Ø_ÆÏµÍ³
  +--> ?PR?NBA_DIS_TIME?¿Ø_ÆÏµÍ³
  +--> ?PR?_DELAY?¿Ø_ÆÏµÍ³
  +--> ?PR?RDS1302_TIME?¿Ø_ÆÏµÍ³
  +--> ?PR?DIS_MODE2?¿Ø_ÆÏµÍ³
  +--> ?PR?_R1302?¿Ø_ÆÏµÍ³

?PR?NBA_SET?¿Ø_ÆÏµÍ³                       0029H    0005H
  +--> ?PR?CLEAR_DIS?¿Ø_ÆÏµÍ³
  +--> ?PR?DIS_TITLE_E?¿Ø_ÆÏµÍ³
  +--> ?CO?¿Ø_ÆÏµÍ³
  +--> ?PR?_DISPLAY_CNASC?¿Ø_ÆÏµÍ³
  +--> ?PR?¿Ø_ÆÏµÍ³
  +--> ?PR?GOTKEY?¿Ø_ÆÏµÍ³

?PR?NBA_OTH_DIS?¿Ø_ÆÏµÍ³                   0029H    0002H
BL51 BANKED LINKER/LOCATER V6.22                                                      07/13/2010  20:21:04  PAGE 11


  +--> ?CO?¿Ø_ÆÏµÍ³
  +--> ?PR?_DISPLAY_CNASC?¿Ø_ÆÏµÍ³
  +--> ?PR?¿Ø_ÆÏµÍ³
  +--> ?PR?_CON_DISP?¿Ø_ÆÏµÍ³
  +--> ?PR?NBA_DIS_TIME?¿Ø_ÆÏµÍ³

?PR?SET_FUNC?¿Ø_ÆÏµÍ³                      0026H    0003H
  +--> ?CO?¿Ø_ÆÏµÍ³
  +--> ?PR?_DISPLAY_CNASC?¿Ø_ÆÏµÍ³
  +--> ?PR?DIS_TITLE?¿Ø_ÆÏµÍ³
  +--> ?PR?¿Ø_ÆÏµÍ³
  +--> ?PR?_CON_DISP?¿Ø_ÆÏµÍ³
  +--> ?PR?GOTKEY?¿Ø_ÆÏµÍ³
  +--> ?PR?ENTER_DIS?¿Ø_ÆÏµÍ³
  +--> ?PR?_KEY_DIS?¿Ø_ÆÏµÍ³
  +--> ?PR?_WDS1302_DATA?¿Ø_ÆÏµÍ³
  +--> ?PR?_SET_DIS?¿Ø_ÆÏµÍ³

?PR?_SET_DIS?¿Ø_ÆÏµÍ³                      0029H    0003H
  +--> ?PR?¿Ø_ÆÏµÍ³
  +--> ?PR?_CON_DISP?¿Ø_ÆÏµÍ³
  +--> ?PR?_DISPLAY_CNASC?¿Ø_ÆÏµÍ³
  +--> ?CO?¿Ø_ÆÏµÍ³
  +--> ?PR?GOTKEY?¿Ø_ÆÏµÍ³
  +--> ?PR?_KEY_DIS?¿Ø_ÆÏµÍ³

?PR?PASSW_FUNC?¿Ø_ÆÏµÍ³                    0026H    0003H
  +--> ?PR?CLEAR_DIS?¿Ø_ÆÏµÍ³
  +--> ?CO?¿Ø_ÆÏµÍ³
  +--> ?PR?_DISPLAY_CNASC?¿Ø_ÆÏµÍ³
  +--> ?PR?DIS_TITLE?¿Ø_ÆÏµÍ³
  +--> ?PR?¿Ø_ÆÏµÍ³
  +--> ?PR?_CON_DISP?¿Ø_ÆÏµÍ³
  +--> ?PR?ENTER_DIS?¿Ø_ÆÏµÍ³
  +--> ?PR?_KEY_DIS?¿Ø_ÆÏµÍ³
  +--> ?PR?_DELAY?¿Ø_ÆÏµÍ³
  +--> ?PR?DELAY_PW?¿Ø_ÆÏµÍ³
  +--> ?PR?INPUT_SECOND_PASSWORK?¿Ø_ÆÏµÍ³
  +--> ?PR?GOTKEY?¿Ø_ÆÏµÍ³
  +--> ?PR?DIS_TITLE_E?¿Ø_ÆÏµÍ³
  +--> ?PR?PASSWORK_COMP?¿Ø_ÆÏµÍ³
  +--> ?PR?INIT_DS1302?¿Ø_ÆÏµÍ³
  +--> ?PR?RDS1302_DATA?¿Ø_ÆÏµÍ³
  +--> ?PR?INPUT_PASSWORK?¿Ø_ÆÏµÍ³

?PR?INPUT_SECOND_PASSWORK?¿Ø_ÆÏµÍ³         0029H    0003H
  +--> ?PR?¿Ø_ÆÏµÍ³
  +--> ?PR?_DISPLAY_CNASC?¿Ø_ÆÏµÍ³
  +--> ?PR?GOTKEY?¿Ø_ÆÏµÍ³
  +--> ?CO?¿Ø_ÆÏµÍ³
  +--> ?PR?_DELAY?¿Ø_ÆÏµÍ³
  +--> ?PR?PASSWORK_FINISH?¿Ø_ÆÏµÍ³
  +--> ?PR?_WDS1302_DATA?¿Ø_ÆÏµÍ³
  +--> ?PR?_R1302?¿Ø_ÆÏµÍ³
  +--> ?PR?DELAY_PW?¿Ø_ÆÏµÍ³

?PR?VERSION_FUNC?¿Ø_ÆÏµÍ³                  0026H    0002H
BL51 BANKED LINKER/LOCATER V6.22                                                      07/13/2010  20:21:04  PAGE 12


  +--> ?CO?¿Ø_ÆÏµÍ³
  +--> ?PR?¿Ø_ÆÏµÍ³
  +--> ?PR?_DISPLAY_CNASC?¿Ø_ÆÏµÍ³
  +--> ?PR?DIS_TITLE_E?¿Ø_ÆÏµÍ³
  +--> ?PR?GOTKEY?¿Ø_ÆÏµÍ³
  +--> ?PR?_DELAY?¿Ø_ÆÏµÍ³

*** NEW ROOT ***************************************************

?PR?TIME1_ISR?¿Ø_ÆÏµÍ³                     -----    -----
  +--> ?PR?¿Ø_ÆÏµÍ³



SYMBOL TABLE OF MODULE:  ¿ØÖÆÏµÍ³ (?C_STARTUP)

  VALUE           TYPE          NAME
  ----------------------------------

  -------         MODULE        ?C_STARTUP
  C:4503H         SEGMENT       ?C_C51STARTUP
  I:0076H         SEGMENT       ?STACK
  C:0000H         PUBLIC        ?C_STARTUP
  D:00E0H         SYMBOL        ACC
  D:00F0H         SYMBOL        B
  D:0083H         SYMBOL        DPH
  D:0082H         SYMBOL        DPL
  N:0000H         SYMBOL        IBPSTACK
  N:0100H         SYMBOL        IBPSTACKTOP
  N:0080H         SYMBOL        IDATALEN
  C:4506H         SYMBOL        IDATALOOP
  N:0000H         SYMBOL        PBPSTACK
  N:0100H         SYMBOL        PBPSTACKTOP
  N:0000H         SYMBOL        PDATALEN
  N:0000H         SYMBOL        PDATASTART
  N:0000H         SYMBOL        PPAGE
  N:0000H         SYMBOL        PPAGEENABLE
  D:00A0H         SYMBOL        PPAGE_SFR
  D:0081H         SYMBOL        SP
  C:4503H         SYMBOL        STARTUP1
  N:0000H         SYMBOL        XBPSTACK
  N:0000H         SYMBOL        XBPSTACKTOP
  N:0000H         SYMBOL        XDATALEN
  N:0000H         SYMBOL        XDATASTART
  C:0000H         LINE#         126
  C:4503H         LINE#         133
  C:4505H         LINE#         134
  C:4506H         LINE#         135
  C:4507H         LINE#         136
  C:4509H         LINE#         185
  C:450CH         LINE#         196
  -------         ENDMOD        ?C_STARTUP

  -------         MODULE        ¿Ø_ÆÏµÍ³
  C:0000H         SYMBOL        _ICE_DUMMY_
  C:4EB5H         PUBLIC        _wr_lcd
  B:0020H.5       PUBLIC        di1
BL51 BANKED LINKER/LOCATER V6.22                                                      07/13/2010  20:21:04  PAGE 13


  B:0020H.6       PUBLIC        bl0
  B:0020H.7       PUBLIC        bl1
  D:0090H         PUBLIC        P1
  C:3E3BH         PUBLIC        nba_oth_dis
  D:00A0H         PUBLIC        P2
  C:3800H         PUBLIC        adder
  B:0021H.7       PUBLIC        oth_run
  C:4ACEH         PUBLIC        _dis_menu_key
  C:0F0FH         PUBLIC        running
  B:00A8H.7       PUBLIC        EA
  B:0021H.0       PUBLIC        ds18b20
  C:2C60H         PUBLIC        keypad_scan
  C:04ABH         PUBLIC        version
  C:088FH         PUBLIC        mode_2num
  C:4B4DH         PUBLIC        dis_time_mode1
  C:49FFH         PUBLIC        dis_title_e
  C:0B4FH         PUBLIC        mode_3num
  C:446DH         PUBLIC        dis_time_mode2
  D:00A8H         PUBLIC        IE
  C:4DC3H         PUBLIC        rds1302_data
  B:0021H.2       PUBLIC        temprun
  B:0080H.1       PUBLIC        P0_1
  C:4B8BH         PUBLIC        passwork_comp
  C:477EH         PUBLIC        time0_isr
  C:000EH         PUBLIC        _delay
  B:0080H.2       PUBLIC        P0_2
  C:4E0AH         PUBLIC        rds1302_date
  C:4C38H         PUBLIC        time1_isr
  B:00B0H.0       PUBLIC        P3_0
  B:0080H.3       PUBLIC        P0_3
  C:4800H         PUBLIC        input_passwork
  C:41C0H         PUBLIC        dis_temp_mode1
  C:4EC6H         PUBLIC        _wds1302_data
  B:00B0H.1       PUBLIC        P3_1
  B:0080H.4       PUBLIC        P0_4
  B:00B0H.2       PUBLIC        P3_2
  C:4C6BH         PUBLIC        ds18b20_func
  C:03E7H         PUBLIC        secrets_menu
  B:00B0H.3       PUBLIC        P3_3
  B:0080H.6       PUBLIC        P0_6
  C:48CDH         PUBLIC        gotkey
  C:4CCAH         PUBLIC        receive18b20
  B:00B0H.4       PUBLIC        P3_4
  B:0080H.7       PUBLIC        P0_7
  B:00B0H.6       PUBLIC        P3_6
  B:00A0H.7       PUBLIC        P2_7
  C:3D44H         PUBLIC        version_func
  I:003CH         PUBLIC        opera
  B:00B0H.7       PUBLIC        P3_7
  C:4A8BH         PUBLIC        save_y_or_n
  B:0022H.7       PUBLIC        buzstop
  C:33C8H         PUBLIC        adjust_func
  C:4E49H         PUBLIC        init_ds18b20
  C:2A38H         PUBLIC        alarm_func
  C:40EAH         PUBLIC        _dis_cdata
  C:3F2CH         PUBLIC        conversion_t
  C:0365H         PUBLIC        weeks
BL51 BANKED LINKER/LOCATER V6.22                                                      07/13/2010  20:21:04  PAGE 14


  I:0054H         PUBLIC        alarm_time
  C:4C9FH         PUBLIC        rds1302_time
  I:0056H         PUBLIC        today
  C:3963H         PUBLIC        main
  D:0020H         PUBLIC        signs
  C:4B0FH         PUBLIC        wds1302_time_date
  I:005AH         PUBLIC        temp_delay
  C:4EECH         PUBLIC        clear_dis
  C:0645H         PUBLIC        index_cal
  B:0022H.6       PUBLIC        init_d2
  C:064BH         PUBLIC        index_nba
  C:0453H         PUBLIC        set_bl_dm
  C:2555H         PUBLIC        input_data
  C:491CH         PUBLIC        asjust_time
  C:3000H         PUBLIC        calculator
  B:0020H.2       PUBLIC        keb
  D:0089H         PUBLIC        TMOD
  C:2000H         PUBLIC        subtraction
  C:4F00H         PUBLIC        init_ds1302
  C:22D7H         PUBLIC        nba_timer
  C:0003H         PUBLIC        _delay_b20
  C:063FH         PUBLIC        index_alm
  D:0023H         PUBLIC        temp
  C:4CF8H         PUBLIC        _r1302
  B:0020H.1       PUBLIC        alm
  C:4DF2H         PUBLIC        _w1302
  C:49B5H         PUBLIC        _num2_asc_dis
  I:005BH         PUBLIC        time_tick
  C:1510H         PUBLIC        passw_func
  C:0427H         PUBLIC        dayofmonth
  B:0020H.0       PUBLIC        als
  I:005CH         PUBLIC        resu
  I:0068H         PUBLIC        bl_delay
  C:4611H         PUBLIC        weeks_day
  C:4EDBH         PUBLIC        enter_dis
  I:0069H         PUBLIC        save_time
  C:17F0H         PUBLIC        temp_func
  C:43D0H         PUBLIC        dis_title
  C:0537H         PUBLIC        timer_tips
  C:2FE3H         PUBLIC        time_init
  C:0433H         PUBLIC        key_code
  B:0021H.5       PUBLIC        cal_del
  B:0020H.3       PUBLIC        meu
  B:00A8H.1       PUBLIC        ET0
  B:00A8H.3       PUBLIC        ET1
  C:47EEH         PUBLIC        init_lcd
  D:008CH         PUBLIC        TH0
  D:008DH         PUBLIC        TH1
  C:03C7H         PUBLIC        selected
  C:4323H         PUBLIC        tool_func
  C:044FH         PUBLIC        alm_sign
  C:0443H         PUBLIC        ksp
  C:4A48H         PUBLIC        init_wds1302_ram
  D:008AH         PUBLIC        TL0
  C:4D4CH         PUBLIC        clrgdram
  D:008BH         PUBLIC        TL1
  C:0447H         PUBLIC        tool_cal
BL51 BANKED LINKER/LOCATER V6.22                                                      07/13/2010  20:21:04  PAGE 15


  C:041DH         PUBLIC        char_num
  C:0483H         PUBLIC        nba_oppo
  C:4BC8H         PUBLIC        _con_disp
  B:0022H.4       PUBLIC        t0_isr
  C:064FH         PUBLIC        menu_pic
  I:006CH         PUBLIC        now
  B:0088H.4       PUBLIC        TR0
  B:0088H.6       PUBLIC        TR1
  C:03FFH         PUBLIC        tool_menu
  C:3C24H         PUBLIC        dis_menu
  C:3FF2H         PUBLIC        delay_pw
  I:006FH         PUBLIC        als_temp
  C:358EH         PUBLIC        set_func
  C:062BH         PUBLIC        index_a
  C:27F0H         PUBLIC        chk_busy
  B:0021H.3       PUBLIC        nba_tim
  D:0021H         PUBLIC        run_signs
  I:0071H         PUBLIC        temp_min
  C:31F0H         PUBLIC        nba_set
  C:0FEFH         PUBLIC        menu_key
  C:0639H         PUBLIC        index_temp_set
  I:0072H         PUBLIC        save1
  B:0021H.4       PUBLIC        adju_si
  C:4D75H         PUBLIC        passwork_finish
  C:4E7DH         PUBLIC        dis_title_pic
  C:0493H         PUBLIC        set_menu
  C:4867H         PUBLIC        nba_dis_time
  C:4D22H         PUBLIC        _display_cnasc
  B:0022H.1       PUBLIC        dis_sig
  C:05F7H         PUBLIC        index_m
  C:046BH         PUBLIC        set_mka
  B:0021H.6       PUBLIC        cal_run
  I:0073H         PUBLIC        i
  C:3AC4H         PUBLIC        temp_func_dis
  C:4E2BH         PUBLIC        _monthday
  C:0373H         PUBLIC        menu_cn
  I:0074H         PUBLIC        j
  C:2800H         PUBLIC        divider
  C:0615H         PUBLIC        index_p
  B:0022H.5       PUBLIC        thl_als
  B:0022H.2       PUBLIC        lock_op
  C:4C03H         PUBLIC        _key_dis
  C:061FH         PUBLIC        index_s
  C:2E7EH         PUBLIC        _set_dis
  C:0609H         PUBLIC        index_t
  I:0075H         PUBLIC        time_tick1
  C:4E63H         PUBLIC        _send18b20_byte
  B:0022H.0       PUBLIC        alm_run
  C:3721H         PUBLIC        input_second_passwork
  C:1800H         PUBLIC        temp_func_set
  B:0022H.3       PUBLIC        b20time
  C:458FH         PUBLIC        _removal_data
  C:279EH         PUBLIC        mode1_2_union
  B:0021H.1       PUBLIC        temp_pn
  C:1DF4H         PUBLIC        multiplication
  C:4EF7H         PUBLIC        dis_mode1
  C:4690H         PUBLIC        dis_date_mode1
BL51 BANKED LINKER/LOCATER V6.22                                                      07/13/2010  20:21:04  PAGE 16


  C:4E97H         PUBLIC        dis_mode2
  C:03A3H         PUBLIC        menu_cn_2
  C:470BH         PUBLIC        _dis_date_mode2
  C:4000H         PUBLIC        dis_mode3
  C:496AH         PUBLIC        _dis_run_state
  C:4276H         PUBLIC        _anti_nor_pic
  B:0020H.4       PUBLIC        di0
  C:1000H         SYMBOL        Com049C
  C:1000H         SYMBOL        L?1181
  C:100EH         SYMBOL        L?1182
  C:100FH         SYMBOL        L?1183
  C:1011H         SYMBOL        L?1184
  C:1018H         SYMBOL        L?1185
  C:101AH         SYMBOL        L?1186
  C:101CH         SYMBOL        L?1187
  C:101DH         SYMBOL        L?1188
  C:1024H         SYMBOL        L?1189
  C:1043H         SYMBOL        L?1190
  C:1049H         SYMBOL        L?1191
  C:1059H         SYMBOL        L?1192
  C:105FH         SYMBOL        L?1193
  C:1065H         SYMBOL        L?1194
  C:1066H         SYMBOL        L?1195
  C:106DH         SYMBOL        L?1196
  C:107FH         SYMBOL        L?1197
  C:108EH         SYMBOL        L?1198
  C:1095H         SYMBOL        L?1200
  C:1095H         SYMBOL        L?1201
  C:1096H         SYMBOL        L?1202
  C:109FH         SYMBOL        L?1203
  C:109FH         SYMBOL        L?1204
  C:10A3H         SYMBOL        L?1205
  C:10ABH         SYMBOL        L?1206
  C:10BDH         SYMBOL        L?1207
  C:10C6H         SYMBOL        L?1208
  C:10D0H         SYMBOL        L?1209
  C:10D4H         SYMBOL        L?1210
  C:10DDH         SYMBOL        L?1211
  C:10E5H         SYMBOL        L?1212
  C:10E9H         SYMBOL        L?1213
  C:10F1H         SYMBOL        L?1215
  C:10F1H         SYMBOL        L?1216
  C:10F4H         SYMBOL        L?1217
  C:10FBH         SYMBOL        L?1222
  C:10FCH         SYMBOL        L?1223
  C:10FDH         SYMBOL        L?1224
  C:1106H         SYMBOL        L?1225
  C:110CH         SYMBOL        L?1226
  C:111FH         SYMBOL        L?1227
  C:111FH         SYMBOL        L?1228
  C:1125H         SYMBOL        L?1229
  C:112FH         SYMBOL        L?1230
  C:112FH         SYMBOL        L?1231
  C:1131H         SYMBOL        L?1232
  C:113AH         SYMBOL        L?1234
  C:114AH         SYMBOL        L?1235
  C:1156H         SYMBOL        L?1236
BL51 BANKED LINKER/LOCATER V6.22                                                      07/13/2010  20:21:04  PAGE 17


  C:1162H         SYMBOL        L?1237
  C:116AH         SYMBOL        L?1239
  C:1175H         SYMBOL        L?1240
  C:117DH         SYMBOL        L?1241
  C:117FH         SYMBOL        L?1242
  C:118AH         SYMBOL        L?1243
  C:118AH         SYMBOL        L?1244
  C:1194H         SYMBOL        L?1245
  C:11A6H         SYMBOL        L?1246
  C:11B0H         SYMBOL        L?1249
  C:11B9H         SYMBOL        L?1254
  C:11B9H         SYMBOL        L?1255
  C:11CAH         SYMBOL        L?1256
  C:11CAH         SYMBOL        L?1257
  C:11CEH         SYMBOL        L?1258
  C:11D5H         SYMBOL        L?1259
  C:11DBH         SYMBOL        L?1260
  C:11DDH         SYMBOL        L?1261
  C:11E6H         SYMBOL        L?1262
  C:11ECH         SYMBOL        L?1263
  C:11EEH         SYMBOL        L?1264
  C:11F7H         SYMBOL        L?1265
  C:11F7H         SYMBOL        L?1266
  C:11FBH         SYMBOL        L?1267
  C:1203H         SYMBOL        L?1268
  C:1203H         SYMBOL        L?1269
  C:1205H         SYMBOL        L?1270
  C:120DH         SYMBOL        L?1273
  C:1214H         SYMBOL        L?1275
  C:1214H         SYMBOL        L?1276
  C:1218H         SYMBOL        L?1277
  C:121FH         SYMBOL        L?1278
  C:1221H         SYMBOL        L?1279
  C:122EH         SYMBOL        L?1281
  C:1245H         SYMBOL        L?1282
  C:1249H         SYMBOL        L?1283
  C:1252H         SYMBOL        L?1286
  C:1254H         SYMBOL        L?1287
  C:1260H         SYMBOL        L?1288
  C:1262H         SYMBOL        L?1289
  C:126EH         SYMBOL        L?1290
  C:1276H         SYMBOL        L?1291
  C:127FH         SYMBOL        L?1298
  C:127FH         SYMBOL        L?1299
  C:1286H         SYMBOL        L?1300
  C:128AH         SYMBOL        L?1301
  C:1294H         SYMBOL        L?1302
  C:1298H         SYMBOL        L?1303
  C:12A2H         SYMBOL        L?1304
  C:12A2H         SYMBOL        L?1305
  C:12ABH         SYMBOL        L?1307
  C:12ABH         SYMBOL        L?1308
  C:12B4H         SYMBOL        L?1309
  C:12C7H         SYMBOL        L?1311
  C:12C7H         SYMBOL        L?1312
  C:12D2H         SYMBOL        L?1313
  C:12D7H         SYMBOL        L?1314
BL51 BANKED LINKER/LOCATER V6.22                                                      07/13/2010  20:21:04  PAGE 18


  C:12DEH         SYMBOL        L?1315
  C:12DEH         SYMBOL        L?1316
  C:12E9H         SYMBOL        L?1318
  C:12FAH         SYMBOL        L?1319
  C:12FAH         SYMBOL        L?1320
  C:1301H         SYMBOL        L?1321
  C:1311H         SYMBOL        L?1322
  C:1311H         SYMBOL        L?1323
  C:1319H         SYMBOL        L?1324
  C:1319H         SYMBOL        L?1325
  C:1320H         SYMBOL        L?1326
  C:1327H         SYMBOL        L?1327
  C:1333H         SYMBOL        L?1334
  C:1342H         SYMBOL        L?1335
  C:1350H         SYMBOL        L?1336
  C:135EH         SYMBOL        L?1337
  C:136CH         SYMBOL        L?1338
  C:136CH         SYMBOL        L?1339
  C:1375H         SYMBOL        L?1340
  C:1379H         SYMBOL        L?1341
  C:1380H         SYMBOL        L?1342
  C:138EH         SYMBOL        L?1343
  C:138EH         SYMBOL        L?1344
  C:1397H         SYMBOL        L?1345
  C:1398H         SYMBOL        L?1346
  C:139FH         SYMBOL        L?1351
  C:13ACH         SYMBOL        L?1352
  C:13ACH         SYMBOL        L?1353
  C:13B3H         SYMBOL        L?1354
  C:13BAH         SYMBOL        L?1355
  C:13BAH         SYMBOL        L?1356
  C:13C1H         SYMBOL        L?1357
  C:13C1H         SYMBOL        L?1358
  C:13C8H         SYMBOL        L?1359
  C:13C8H         SYMBOL        L?1360
  C:13CFH         SYMBOL        L?1361
  C:13DCH         SYMBOL        L?1364
  C:13DCH         SYMBOL        L?1365
  C:13E3H         SYMBOL        L?1366
  C:13E3H         SYMBOL        L?1367
  C:13EBH         SYMBOL        L?1368
  C:13F7H         SYMBOL        L?1369
  C:13F7H         SYMBOL        L?1370
  C:13FFH         SYMBOL        L?1371
  C:140BH         SYMBOL        L?1372
  C:1417H         SYMBOL        L?1373
  C:1417H         SYMBOL        L?1374
  C:141EH         SYMBOL        L?1375
  C:141EH         SYMBOL        L?1376
  C:1426H         SYMBOL        L?1377
  C:1432H         SYMBOL        L?1378
  C:143EH         SYMBOL        L?1379
  C:143EH         SYMBOL        L?1380
  C:1445H         SYMBOL        L?1381
  C:1451H         SYMBOL        L?1382
  C:145DH         SYMBOL        L?1394
  C:1465H         SYMBOL        L?1395
BL51 BANKED LINKER/LOCATER V6.22                                                      07/13/2010  20:21:04  PAGE 19


  C:1470H         SYMBOL        L?1396
  C:147BH         SYMBOL        L?1398
  C:147BH         SYMBOL        L?1399
  C:1482H         SYMBOL        L?1400
  C:148CH         SYMBOL        L?1402
  C:148CH         SYMBOL        L?1403
  C:1493H         SYMBOL        L?1404
  C:149DH         SYMBOL        L?1405
  C:14A7H         SYMBOL        L?1406
  C:14B1H         SYMBOL        L?1407
  C:14BBH         SYMBOL        L?1408
  C:14C5H         SYMBOL        L?1409
  C:14CFH         SYMBOL        L?1410
  C:14D9H         SYMBOL        L?1411
  C:14D9H         SYMBOL        L?1412
  C:14E0H         SYMBOL        L?1413
  C:14E7H         SYMBOL        L?1414
  C:14E7H         SYMBOL        L?1415
  C:14EEH         SYMBOL        L?1416
  C:14EEH         SYMBOL        L?1417
  C:14F5H         SYMBOL        L?1418
  C:14FFH         SYMBOL        L?1419
  C:1509H         SYMBOL        L?1420
  -------         PROC          COM049C
  -------         ENDPROC       COM049C
  -------         PROC          _DELAY
  D:0006H         SYMBOL        det
  C:000EH         LINE#         482
  C:000EH         LINE#         483
  C:000EH         LINE#         484
  C:0018H         LINE#         485
  -------         ENDPROC       _DELAY
  -------         PROC          DELAY_PW
  C:3FF2H         LINE#         490
  C:3FF2H         LINE#         491
  C:3FF2H         LINE#         492
  C:3FF9H         LINE#         493
  -------         ENDPROC       DELAY_PW
  -------         PROC          _DELAY_B20
  D:0007H         SYMBOL        n
  C:0003H         LINE#         498
  C:0003H         LINE#         499
  C:0003H         LINE#         500
  C:0009H         LINE#         501
  -------         ENDPROC       _DELAY_B20
  -------         PROC          TIME0_ISR
  C:477EH         LINE#         506
  C:4785H         LINE#         508
  C:4787H         LINE#         509
  C:478AH         LINE#         510
  C:478DH         LINE#         511
  C:478FH         LINE#         512
  C:4795H         LINE#         513
  C:4799H         LINE#         514
  C:479BH         LINE#         515
  C:47A1H         LINE#         516
  C:47A1H         LINE#         517
BL51 BANKED LINKER/LOCATER V6.22                                                      07/13/2010  20:21:04  PAGE 20


  C:47A6H         LINE#         518
  C:47A6H         LINE#         519
  C:47A8H         LINE#         520
  C:47AFH         LINE#         521
  C:47B1H         LINE#         522
  C:47B4H         LINE#         523
  C:47CEH         LINE#         524
  C:47CEH         LINE#         525
  C:47D4H         LINE#         526
  C:47D6H         LINE#         528
  C:47D6H         LINE#         529
  C:47DDH         LINE#         530
  C:47DDH         LINE#         531
  C:47DFH         LINE#         532
  C:47E2H         LINE#         533
  C:47E5H         LINE#         534
  C:47E5H         LINE#         535
  C:47E9H         LINE#         536
  C:47E9H         LINE#         537
  C:47E9H         LINE#         538
  -------         ENDPROC       TIME0_ISR
  -------         PROC          TIME1_ISR
  C:4C38H         LINE#         542
  C:4C3FH         LINE#         544
  C:4C41H         LINE#         545
  C:4C41H         LINE#         546
  C:4C44H         LINE#         547
  C:4C46H         LINE#         548
  C:4C4CH         LINE#         549
  C:4C50H         LINE#         550
  C:4C59H         LINE#         551
  C:4C5BH         LINE#         552
  C:4C60H         LINE#         553
  C:4C66H         LINE#         554
  -------         ENDPROC       TIME1_ISR
  -------         PROC          TIME_INIT
  C:2FE3H         LINE#         558
  C:2FE3H         LINE#         559
  C:2FE3H         LINE#         560
  C:2FE5H         LINE#         561
  C:2FE7H         LINE#         562
  C:2FE9H         LINE#         563
  C:2FECH         LINE#         564
  C:2FEFH         LINE#         565
  C:2FF2H         LINE#         566
  C:2FF2H         LINE#         567
  C:2FF5H         LINE#         568
  C:2FF8H         LINE#         569
  C:2FFAH         LINE#         570
  C:2FFCH         LINE#         571
  -------         ENDPROC       TIME_INIT
  -------         PROC          CHK_BUSY
  C:27F0H         LINE#         588
  C:27F0H         LINE#         589
  C:27F0H         LINE#         590
  C:27F3H         LINE#         591
  C:27F5H         LINE#         592
BL51 BANKED LINKER/LOCATER V6.22                                                      07/13/2010  20:21:04  PAGE 21


  C:27F7H         LINE#         593
  C:27F9H         LINE#         594
  C:27FCH         LINE#         595
  C:27FEH         LINE#         596
  -------         ENDPROC       CHK_BUSY
  C:4EB0H         SYMBOL        L?1253
  -------         PROC          L?1252
  -------         ENDPROC       L?1252
  C:4EB0H         SYMBOL        L?1253
  -------         PROC          _WR_LCD
  D:0007H         SYMBOL        dat_comm
  D:0005H         SYMBOL        content
  C:4EB5H         LINE#         600
  C:4EB5H         LINE#         601
  C:4EB5H         LINE#         602
  C:4EB8H         LINE#         603
  C:4EBDH         LINE#         604
  C:4EBFH         LINE#         605
  C:4EC1H         LINE#         606
  C:4EC3H         LINE#         607
  C:4EC5H         LINE#         608
  -------         ENDPROC       _WR_LCD
  -------         PROC          CLRGDRAM
  -------         DO            
  D:0004H         SYMBOL        i
  D:0006H         SYMBOL        j
  -------         ENDDO         
  C:4D4CH         LINE#         612
  C:4D4CH         LINE#         613
  C:4D4CH         LINE#         615
  C:4D4EH         LINE#         616
  C:4D4EH         LINE#         617
  C:4D51H         LINE#         618
  C:4D58H         LINE#         619
  C:4D5AH         LINE#         620
  C:4D5DH         LINE#         621
  C:4D5FH         LINE#         622
  C:4D6AH         LINE#         623
  C:4D6EH         LINE#         624
  -------         ENDPROC       CLRGDRAM
  -------         PROC          CLEAR_DIS
  C:4EECH         LINE#         629
  C:4EECH         LINE#         630
  C:4EECH         LINE#         631
  C:4EEFH         LINE#         632
  C:4EF4H         LINE#         633
  -------         ENDPROC       CLEAR_DIS
  -------         PROC          INIT_LCD
  C:47EEH         LINE#         639
  C:47EEH         LINE#         640
  C:47EEH         LINE#         641
  C:47F0H         LINE#         642
  C:47F3H         LINE#         643
  C:47F8H         LINE#         644
  C:47FDH         LINE#         645
  -------         ENDPROC       INIT_LCD
  -------         PROC          L?1333
BL51 BANKED LINKER/LOCATER V6.22                                                      07/13/2010  20:21:04  PAGE 22


  -------         ENDPROC       L?1333
  -------         PROC          _W1302
  D:0007H         SYMBOL        w_adder
  D:0005H         SYMBOL        w_data
  -------         DO            
  D:0006H         SYMBOL        d
  -------         ENDDO         
  C:4DF2H         LINE#         665
  C:4DF2H         LINE#         666
  C:4DF2H         LINE#         668
  C:4DF8H         LINE#         669
  C:4DFAH         LINE#         670
  C:4DFAH         LINE#         671
  C:4DFFH         LINE#         672
  C:4DFFH         LINE#         673
  C:4DFFH         LINE#         674
  C:4DFFH         LINE#         675
  C:4DFFH         LINE#         676
  C:4E05H         LINE#         677
  C:4E09H         LINE#         678
  -------         ENDPROC       _W1302
  -------         PROC          _R1302
  D:0007H         SYMBOL        r_adder
  -------         DO            
  D:0006H         SYMBOL        d
  -------         ENDDO         
  C:4CF8H         LINE#         683
  C:4CF8H         LINE#         684
  C:4CF8H         LINE#         685
  C:4CFAH         LINE#         686
  C:4D00H         LINE#         687
  C:4D00H         LINE#         688
  C:4D00H         LINE#         689
  C:4D00H         LINE#         690
  C:4D00H         LINE#         691
  C:4D00H         LINE#         692
  C:4D00H         LINE#         693
  C:4D06H         LINE#         694
  C:4D08H         LINE#         695
  C:4D09H         LINE#         696
  C:4D09H         LINE#         697
  C:4D0BH         LINE#         698
  C:4D0DH         LINE#         699
  C:4D11H         LINE#         700
  C:4D13H         LINE#         701
  C:4D19H         LINE#         702
  C:4D1DH         LINE#         703
  C:4D21H         LINE#         704
  C:4D21H         LINE#         705
  -------         ENDPROC       _R1302
  -------         PROC          WDS1302_TIME_DATE
  C:4B0FH         LINE#         710
  C:4B0FH         LINE#         711
  C:4B0FH         LINE#         712
  C:4B0FH         LINE#         713
  C:4B12H         LINE#         714
  C:4B1BH         LINE#         715
BL51 BANKED LINKER/LOCATER V6.22                                                      07/13/2010  20:21:04  PAGE 23


  C:4B24H         LINE#         716
  C:4B28H         LINE#         717
  C:4B31H         LINE#         718
  C:4B3CH         LINE#         719
  C:4B3FH         LINE#         720
  C:4B47H         LINE#         721
  -------         ENDPROC       WDS1302_TIME_DATE
  -------         PROC          INIT_WDS1302_RAM
  C:4A48H         LINE#         728
  C:4A48H         LINE#         729
  C:4A48H         LINE#         730
  C:4A48H         LINE#         731
  C:4A4BH         LINE#         732
  C:4A52H         LINE#         733
  C:4A59H         LINE#         734
  C:4A60H         LINE#         735
  C:4A67H         LINE#         736
  C:4A6EH         LINE#         737
  C:4A75H         LINE#         738
  C:4A7CH         LINE#         739
  C:4A81H         LINE#         740
  C:4A85H         LINE#         741
  -------         ENDPROC       INIT_WDS1302_RAM
  -------         PROC          _WDS1302_DATA
  D:0003H         SYMBOL        adder
  D:0004H         SYMBOL        _data
  C:4EC6H         LINE#         745
  C:4ECAH         LINE#         746
  C:4ECAH         LINE#         747
  C:4ED1H         LINE#         748
  C:4ED5H         LINE#         749
  -------         ENDPROC       _WDS1302_DATA
  -------         PROC          RDS1302_DATE
  C:4E0AH         LINE#         754
  C:4E0AH         LINE#         755
  C:4E0AH         LINE#         757
  C:4E13H         LINE#         758
  C:4E1CH         LINE#         759
  C:4E25H         LINE#         760
  C:4E2AH         LINE#         761
  -------         ENDPROC       RDS1302_DATE
  -------         PROC          L?1401
  -------         ENDPROC       L?1401
  -------         PROC          RDS1302_TIME
  C:4C9FH         LINE#         765
  C:4C9FH         LINE#         766
  C:4C9FH         LINE#         767
  C:4CA8H         LINE#         768
  C:4CADH         LINE#         769
  C:4CB2H         LINE#         770
  C:4CC3H         LINE#         772
  C:4CC3H         LINE#         773
  C:4CC9H         LINE#         774
  C:4CC9H         LINE#         775
  -------         ENDPROC       RDS1302_TIME
  -------         PROC          RDS1302_DATA
  C:4DC3H         LINE#         778
BL51 BANKED LINKER/LOCATER V6.22                                                      07/13/2010  20:21:04  PAGE 24


  C:4DC3H         LINE#         779
  C:4DC3H         LINE#         780
  C:4DCAH         LINE#         781
  C:4DD3H         LINE#         782
  C:4DD8H         LINE#         783
  C:4DE1H         LINE#         784
  C:4DE6H         LINE#         785
  -------         ENDPROC       RDS1302_DATA
  -------         PROC          INIT_DS1302
  C:4F00H         LINE#         789
  C:4F00H         LINE#         790
  C:4F00H         LINE#         791
  C:4F03H         LINE#         792
  -------         ENDPROC       INIT_DS1302
  -------         PROC          INIT_DS18B20
  C:4E49H         LINE#         810
  C:4E49H         LINE#         811
  C:4E49H         LINE#         812
  C:4E4BH         LINE#         813
  C:4E4DH         LINE#         814
  C:4E52H         LINE#         815
  C:4E54H         LINE#         816
  C:4E59H         LINE#         817
  C:4E5EH         LINE#         818
  -------         ENDPROC       INIT_DS18B20
  -------         PROC          _SEND18B20_BYTE
  D:0005H         SYMBOL        data_send
  -------         DO            
  D:0003H         SYMBOL        d
  -------         ENDDO         
  C:4E63H         LINE#         823
  C:4E65H         LINE#         824
  C:4E65H         LINE#         825
  C:4E67H         LINE#         826
  C:4E67H         LINE#         827
  C:4E67H         LINE#         828
  C:4E69H         LINE#         829
  C:4E6DH         LINE#         830
  C:4E72H         LINE#         831
  C:4E74H         LINE#         832
  C:4E78H         LINE#         833
  C:4E7CH         LINE#         834
  -------         ENDPROC       _SEND18B20_BYTE
  -------         PROC          RECEIVE18B20
  -------         DO            
  D:0005H         SYMBOL        n
  D:0004H         SYMBOL        d
  -------         ENDDO         
  C:4CCAH         LINE#         838
  C:4CCAH         LINE#         839
  C:4CCAH         LINE#         840
  C:4CCCH         LINE#         841
  C:4CCEH         LINE#         842
  C:4CCEH         LINE#         843
  C:4CD3H         LINE#         844
  C:4CD5H         LINE#         845
  C:4CE1H         LINE#         846
BL51 BANKED LINKER/LOCATER V6.22                                                      07/13/2010  20:21:04  PAGE 25


  C:4CE3H         LINE#         847
  C:4CE6H         LINE#         848
  C:4CEEH         LINE#         849
  C:4CF3H         LINE#         850
  C:4CF7H         LINE#         851
  -------         ENDPROC       RECEIVE18B20
  -------         PROC          CONVERSION_T
  -------         DO            
  D:0005H         SYMBOL        save
  D:0007H         SYMBOL        save1
  -------         ENDDO         
  C:3F2CH         LINE#         855
  C:3F2CH         LINE#         856
  C:3F2CH         LINE#         857
  C:3F2FH         LINE#         858
  C:3F38H         LINE#         859
  C:3F4DH         LINE#         860
  C:3F4FH         LINE#         861
  C:3F58H         LINE#         862
  C:3F63H         LINE#         863
  C:3F70H         LINE#         864
  C:3F7EH         LINE#         865
  C:3F90H         LINE#         866
  C:3F93H         LINE#         867
  C:3F95H         LINE#         868
  C:3F97H         LINE#         869
  C:3F99H         LINE#         870
  C:3FA5H         LINE#         871
  C:3FA5H         LINE#         872
  C:3FBDH         LINE#         873
  C:3FBEH         LINE#         874
  C:3FCEH         LINE#         875
  C:3FCEH         LINE#         876
  C:3FE6H         LINE#         877
  C:3FE7H         LINE#         878
  C:3FF1H         LINE#         879
  -------         ENDPROC       CONVERSION_T
  -------         PROC          DS18B20_FUNC
  C:4C6BH         LINE#         884
  C:4C6BH         LINE#         885
  C:4C6BH         LINE#         886
  C:4C6DH         LINE#         887
  C:4C6FH         LINE#         888
  C:4C74H         LINE#         889
  C:4C77H         LINE#         890
  C:4C7CH         LINE#         891
  C:4C81H         LINE#         892
  C:4C84H         LINE#         893
  C:4C87H         LINE#         894
  C:4C8CH         LINE#         895
  C:4C91H         LINE#         896
  C:4C94H         LINE#         897
  C:4C97H         LINE#         898
  C:4C99H         LINE#         899
  C:4C9BH         LINE#         900
  -------         ENDPROC       DS18B20_FUNC
  -------         PROC          _CON_DISP
BL51 BANKED LINKER/LOCATER V6.22                                                      07/13/2010  20:21:04  PAGE 26


  D:0006H         SYMBOL        data1
  D:0004H         SYMBOL        data2
  D:0003H         SYMBOL        x0
  D:0039H         SYMBOL        y0
  D:003AH         SYMBOL        xl
  D:003BH         SYMBOL        yl
  -------         DO            
  D:0001H         SYMBOL        i
  D:0002H         SYMBOL        j
  -------         ENDDO         
  C:4BC8H         LINE#         917
  C:4BCCH         LINE#         918
  C:4BCCH         LINE#         920
  C:4BD4H         LINE#         921
  C:4BD4H         LINE#         922
  C:4BDCH         LINE#         923
  C:4BDCH         LINE#         924
  C:4BDFH         LINE#         925
  C:4BE6H         LINE#         926
  C:4BE8H         LINE#         927
  C:4BEBH         LINE#         928
  C:4BF1H         LINE#         929
  C:4BF6H         LINE#         930
  C:4BF9H         LINE#         931
  C:4BFCH         LINE#         932
  -------         ENDPROC       _CON_DISP
  -------         PROC          _DISPLAY_CNASC
  D:0004H         SYMBOL        dis_bit
  D:0006H         SYMBOL        num
  D:0037H         SYMBOL        cnasc
  C:4D22H         LINE#         938
  C:4D2CH         LINE#         939
  C:4D2CH         LINE#         940
  C:4D2FH         LINE#         941
  C:4D34H         LINE#         942
  C:4D3AH         LINE#         943
  C:4D3AH         LINE#         944
  C:4D42H         LINE#         945
  C:4D48H         LINE#         946
  C:4D49H         LINE#         947
  C:4D4BH         LINE#         948
  -------         ENDPROC       _DISPLAY_CNASC
  C:445BH         SYMBOL        L?1250
  C:4465H         SYMBOL        L?1383
  -------         PROC          DIS_TITLE
  C:43D0H         LINE#         953
  C:43D0H         LINE#         954
  C:43D0H         LINE#         955
  C:43D6H         LINE#         956
  C:43E4H         LINE#         957
  C:43EAH         LINE#         958
  C:43F3H         LINE#         959
  C:43FCH         LINE#         960
  C:440AH         LINE#         961
  C:4417H         LINE#         962
  C:4423H         LINE#         963
  C:442FH         LINE#         964
BL51 BANKED LINKER/LOCATER V6.22                                                      07/13/2010  20:21:04  PAGE 27


  C:443AH         LINE#         965
  C:4445H         LINE#         966
  C:4450H         LINE#         967
  C:445BH         LINE#         968
  -------         ENDPROC       DIS_TITLE
  -------         PROC          DIS_TITLE_PIC
  C:4E7DH         LINE#         972
  C:4E7DH         LINE#         973
  C:4E7DH         LINE#         974
  C:4E8AH         LINE#         975
  -------         ENDPROC       DIS_TITLE_PIC
  C:4A40H         SYMBOL        L?1397
  -------         PROC          DIS_TITLE_E
  C:49FFH         LINE#         980
  C:49FFH         LINE#         981
  C:49FFH         LINE#         982
  C:4A0CH         LINE#         983
  C:4A14H         LINE#         984
  C:4A1FH         LINE#         985
  C:4A26H         LINE#         986
  C:4A32H         LINE#         987
  C:4A40H         LINE#         988
  -------         ENDPROC       DIS_TITLE_E
  -------         PROC          _ANTI_NOR_PIC
  D:0029H         SYMBOL        cpl_sign
  D:002AH         SYMBOL        menu_num
  -------         DO            
  D:0003H         SYMBOL        i
  D:0004H         SYMBOL        j
  D:002BH         SYMBOL        x
  D:002CH         SYMBOL        y
  -------         ENDDO         
  C:4276H         LINE#         993
  C:427AH         LINE#         994
  C:427AH         LINE#         996
  C:4282H         LINE#         997
  C:4289H         LINE#         998
  C:4295H         LINE#         999
  C:4298H         LINE#         1000
  C:42B4H         LINE#         1001
  C:42B6H         LINE#         1002
  C:42B6H         LINE#         1003
  C:42B8H         LINE#         1004
  C:42B8H         LINE#         1005
  C:42BBH         LINE#         1006
  C:42C3H         LINE#         1007
  C:42C8H         LINE#         1008
  C:42CBH         LINE#         1009
  C:42D1H         LINE#         1010
  C:42D1H         LINE#         1011
  C:42DBH         LINE#         1012
  C:42DFH         LINE#         1013
  C:42E1H         LINE#         1015
  C:42E1H         LINE#         1016
  C:42F0H         LINE#         1017
  C:42F9H         LINE#         1018
  C:42F9H         LINE#         1019
BL51 BANKED LINKER/LOCATER V6.22                                                      07/13/2010  20:21:04  PAGE 28


  C:42FFH         LINE#         1020
  C:4301H         LINE#         1021
  C:4316H         LINE#         1022
  C:431CH         LINE#         1023
  -------         ENDPROC       _ANTI_NOR_PIC
  -------         PROC          _DIS_RUN_STATE
  D:0035H         SYMBOL        cpl
  D:0036H         SYMBOL        x0
  D:0003H         SYMBOL        y0
  D:0038H         SYMBOL        state_num
  -------         DO            
  D:0006H         SYMBOL        j
  -------         ENDDO         
  C:496AH         LINE#         1030
  C:496EH         LINE#         1031
  C:496EH         LINE#         1033
  C:4970H         LINE#         1034
  C:4970H         LINE#         1035
  C:4973H         LINE#         1036
  C:4979H         LINE#         1037
  C:497BH         LINE#         1038
  C:497EH         LINE#         1039
  C:4984H         LINE#         1040
  C:4984H         LINE#         1041
  C:498DH         LINE#         1042
  C:4991H         LINE#         1043
  C:4993H         LINE#         1045
  C:4993H         LINE#         1046
  C:49A1H         LINE#         1047
  C:49A8H         LINE#         1048
  C:49A8H         LINE#         1049
  C:49AEH         LINE#         1050
  -------         ENDPROC       _DIS_RUN_STATE
  C:4AF5H         SYMBOL        L?1272
  -------         PROC          _DIS_MENU_KEY
  D:0035H         SYMBOL        d
  C:4ACEH         LINE#         1056
  C:4AD0H         LINE#         1057
  C:4AD0H         LINE#         1058
  C:4AD6H         LINE#         1059
  C:4AD6H         LINE#         1060
  C:4AD8H         LINE#         1061
  C:4AE6H         LINE#         1062
  C:4AE6H         LINE#         1064
  C:4AE6H         LINE#         1065
  C:4AE9H         LINE#         1066
  C:4AF4H         LINE#         1067
  C:4AF4H         LINE#         1068
  -------         ENDPROC       _DIS_MENU_KEY
  C:40DAH         SYMBOL        L?1328
  -------         PROC          DIS_MODE3
  -------         DO            
  D:0004H         SYMBOL        i
  D:0006H         SYMBOL        j
  D:0031H         SYMBOL        h
  D:0032H         SYMBOL        l
  D:0033H         SYMBOL        x_0
BL51 BANKED LINKER/LOCATER V6.22                                                      07/13/2010  20:21:04  PAGE 29


  D:0034H         SYMBOL        y_0
  -------         ENDDO         
  C:4000H         LINE#         1074
  C:4000H         LINE#         1075
  C:4000H         LINE#         1076
  C:4006H         LINE#         1077
  C:4008H         LINE#         1078
  C:400BH         LINE#         1079
  C:400DH         LINE#         1080
  C:400DH         LINE#         1081
  C:400FH         LINE#         1082
  C:400FH         LINE#         1083
  C:4012H         LINE#         1084
  C:4019H         LINE#         1085
  C:401BH         LINE#         1086
  C:401EH         LINE#         1087
  C:4024H         LINE#         1088
  C:402FH         LINE#         1089
  C:403DH         LINE#         1090
  C:4042H         LINE#         1091
  C:404DH         LINE#         1092
  C:405BH         LINE#         1093
  C:4069H         LINE#         1094
  C:406FH         LINE#         1095
  C:4075H         LINE#         1096
  C:4077H         LINE#         1097
  C:407AH         LINE#         1098
  C:4080H         LINE#         1099
  C:408CH         LINE#         1100
  C:4098H         LINE#         1101
  C:409BH         LINE#         1102
  C:40A4H         LINE#         1103
  C:40ADH         LINE#         1104
  C:40C2H         LINE#         1105
  C:40D5H         LINE#         1106
  C:40DAH         LINE#         1107
  -------         ENDPROC       DIS_MODE3
  C:27E6H         SYMBOL        L?1329
  -------         PROC          MODE1_2_UNION
  -------         DO            
  D:0033H         SYMBOL        x
  -------         ENDDO         
  C:279EH         LINE#         1113
  C:279EH         LINE#         1114
  C:279EH         LINE#         1115
  C:27A1H         LINE#         1116
  C:27AEH         LINE#         1117
  C:27B7H         LINE#         1118
  C:27C2H         LINE#         1119
  C:27D3H         LINE#         1120
  C:27E1H         LINE#         1121
  C:27E6H         LINE#         1122
  -------         ENDPROC       MODE1_2_UNION
  C:4768H         SYMBOL        L?1292
  C:4775H         SYMBOL        L?1347
  -------         PROC          _DIS_DATE_MODE2
  D:0031H         SYMBOL        d
BL51 BANKED LINKER/LOCATER V6.22                                                      07/13/2010  20:21:04  PAGE 30


  -------         DO            
  D:0032H         SYMBOL        save
  -------         ENDDO         
  C:470BH         LINE#         1126
  C:470DH         LINE#         1127
  C:470DH         LINE#         1129
  C:4718H         LINE#         1130
  C:4723H         LINE#         1131
  C:4733H         LINE#         1132
  C:473BH         LINE#         1133
  C:473EH         LINE#         1134
  C:473EH         LINE#         1135
  C:4745H         LINE#         1136
  C:474AH         LINE#         1137
  C:474AH         LINE#         1138
  C:4752H         LINE#         1139
  C:4757H         LINE#         1140
  C:4757H         LINE#         1141
  C:4768H         LINE#         1142
  -------         ENDPROC       _DIS_DATE_MODE2
  -------         PROC          _NUM2_ASC_DIS
  D:0031H         SYMBOL        num
  D:0006H         SYMBOL        x_0
  -------         DO            
  D:0004H         SYMBOL        i
  D:0032H         SYMBOL        y_0
  -------         ENDDO         
  C:49B5H         LINE#         1145
  C:49B9H         LINE#         1146
  C:49B9H         LINE#         1147
  C:49BCH         LINE#         1148
  C:49BEH         LINE#         1149
  C:49BEH         LINE#         1150
  C:49C5H         LINE#         1151
  C:49CCH         LINE#         1152
  C:49CEH         LINE#         1153
  C:49D1H         LINE#         1154
  C:49DEH         LINE#         1155
  C:49EAH         LINE#         1156
  C:49F4H         LINE#         1157
  C:49F8H         LINE#         1158
  -------         ENDPROC       _NUM2_ASC_DIS
  C:44E6H         SYMBOL        L?1251
  C:44F8H         SYMBOL        L?1330
  -------         PROC          DIS_TIME_MODE2
  -------         DO            
  D:0001H         SYMBOL        h
  D:0002H         SYMBOL        l
  -------         ENDDO         
  C:446DH         LINE#         1162
  C:446DH         LINE#         1163
  C:446DH         LINE#         1165
  C:4478H         LINE#         1166
  C:4478H         LINE#         1167
  C:447AH         LINE#         1168
  C:447AH         LINE#         1169
  C:447CH         LINE#         1170
BL51 BANKED LINKER/LOCATER V6.22                                                      07/13/2010  20:21:04  PAGE 31


  C:4484H         LINE#         1171
  C:4484H         LINE#         1172
  C:448FH         LINE#         1173
  C:448FH         LINE#         1174
  C:4491H         LINE#         1175
  C:4491H         LINE#         1176
  C:4493H         LINE#         1177
  C:449BH         LINE#         1178
  C:449BH         LINE#         1179
  C:44A6H         LINE#         1180
  C:44A6H         LINE#         1181
  C:44AEH         LINE#         1182
  C:44B2H         LINE#         1183
  C:44B9H         LINE#         1184
  C:44C0H         LINE#         1185
  C:44C0H         LINE#         1186
  C:44C3H         LINE#         1187
  C:44C3H         LINE#         1188
  C:44C8H         LINE#         1189
  C:44D4H         LINE#         1190
  C:44D9H         LINE#         1191
  C:44E5H         LINE#         1192
  C:44E5H         LINE#         1193
  -------         ENDPROC       DIS_TIME_MODE2
  -------         PROC          DIS_MODE2
  C:4E97H         LINE#         1197
  C:4E97H         LINE#         1198
  C:4E97H         LINE#         1199
  C:4E9CH         LINE#         1200
  C:4EA9H         LINE#         1201
  C:4EACH         LINE#         1202
  -------         ENDPROC       DIS_MODE2
  C:4703H         SYMBOL        L?1384
  -------         PROC          DIS_DATE_MODE1
  -------         DO            
  D:0031H         SYMBOL        save
  -------         ENDDO         
  C:4690H         LINE#         1207
  C:4690H         LINE#         1208
  C:4690H         LINE#         1210
  C:4699H         LINE#         1211
  C:46A2H         LINE#         1212
  C:46AFH         LINE#         1213
  C:46B7H         LINE#         1214
  C:46C4H         LINE#         1215
  C:46C7H         LINE#         1216
  C:46C7H         LINE#         1217
  C:46CFH         LINE#         1218
  C:46D2H         LINE#         1219
  C:46D8H         LINE#         1220
  C:46E0H         LINE#         1221
  C:46E8H         LINE#         1222
  C:46EBH         LINE#         1223
  C:46F3H         LINE#         1224
  C:46F8H         LINE#         1225
  C:46F8H         LINE#         1226
  C:4700H         LINE#         1227
BL51 BANKED LINKER/LOCATER V6.22                                                      07/13/2010  20:21:04  PAGE 32


  C:4703H         LINE#         1228
  -------         ENDPROC       DIS_DATE_MODE1
  -------         PROC          DIS_TIME_MODE1
  -------         DO            
  D:0031H         SYMBOL        save
  -------         ENDDO         
  C:4B4DH         LINE#         1232
  C:4B4DH         LINE#         1233
  C:4B4DH         LINE#         1235
  C:4B52H         LINE#         1236
  C:4B52H         LINE#         1237
  C:4B5AH         LINE#         1238
  C:4B5DH         LINE#         1239
  C:4B63H         LINE#         1240
  C:4B6BH         LINE#         1241
  C:4B73H         LINE#         1242
  C:4B76H         LINE#         1243
  C:4B7EH         LINE#         1244
  C:4B83H         LINE#         1245
  C:4B83H         LINE#         1246
  -------         ENDPROC       DIS_TIME_MODE1
  C:4251H         SYMBOL        L?1218
  C:4268H         SYMBOL        L?1293
  -------         PROC          DIS_TEMP_MODE1
  -------         DO            
  D:0031H         SYMBOL        save
  -------         ENDDO         
  C:41C0H         LINE#         1251
  C:41C0H         LINE#         1252
  C:41C0H         LINE#         1254
  C:41C5H         LINE#         1255
  C:41C5H         LINE#         1256
  C:41CCH         LINE#         1257
  C:41CCH         LINE#         1258
  C:41D8H         LINE#         1259
  C:41DBH         LINE#         1260
  C:41DEH         LINE#         1261
  C:41E3H         LINE#         1262
  C:41E6H         LINE#         1263
  C:41E9H         LINE#         1264
  C:41EEH         LINE#         1265
  C:41F1H         LINE#         1266
  C:41FEH         LINE#         1267
  C:4208H         LINE#         1268
  C:420AH         LINE#         1270
  C:420AH         LINE#         1271
  C:4215H         LINE#         1272
  C:4220H         LINE#         1273
  C:4227H         LINE#         1274
  C:4229H         LINE#         1275
  C:422CH         LINE#         1276
  C:422FH         LINE#         1277
  C:4234H         LINE#         1278
  C:4237H         LINE#         1279
  C:4241H         LINE#         1280
  C:4241H         LINE#         1281
  C:4243H         LINE#         1282
BL51 BANKED LINKER/LOCATER V6.22                                                      07/13/2010  20:21:04  PAGE 33


  C:4250H         LINE#         1283
  -------         ENDPROC       DIS_TEMP_MODE1
  -------         PROC          DIS_MODE1
  C:4EF7H         LINE#         1288
  C:4EF7H         LINE#         1289
  C:4EF7H         LINE#         1290
  C:4EFAH         LINE#         1291
  C:4EFDH         LINE#         1292
  -------         ENDPROC       DIS_MODE1
  -------         PROC          NBA_DIS_TIME
  -------         DO            
  D:0031H         SYMBOL        d
  D:0032H         SYMBOL        dis
  -------         ENDDO         
  C:4867H         LINE#         1298
  C:4867H         LINE#         1299
  C:4867H         LINE#         1301
  C:486AH         LINE#         1302
  C:486AH         LINE#         1303
  C:4876H         LINE#         1304
  C:487CH         LINE#         1305
  C:4889H         LINE#         1306
  C:4892H         LINE#         1307
  C:489FH         LINE#         1308
  C:48A6H         LINE#         1309
  C:48A6H         LINE#         1310
  C:48A9H         LINE#         1311
  C:48B1H         LINE#         1312
  C:48B9H         LINE#         1313
  C:48BCH         LINE#         1314
  C:48C4H         LINE#         1315
  C:48CCH         LINE#         1316
  C:48CCH         LINE#         1317
  -------         ENDPROC       NBA_DIS_TIME
  C:2E74H         SYMBOL        L?1421
  -------         PROC          KEYPAD_SCAN
  -------         DO            
  D:0006H         SYMBOL        key
  D:002FH         SYMBOL        dis
  -------         ENDDO         
  C:2C60H         LINE#         1333
  C:2C60H         LINE#         1334
  C:2C60H         LINE#         1336
  C:2C63H         LINE#         1337
  C:2C6BH         LINE#         1338
  C:2C6BH         LINE#         1342
  C:2C72H         LINE#         1343
  C:2C7EH         LINE#         1344
  C:2C89H         LINE#         1349
  C:2C9BH         LINE#         1350
  C:2CA2H         LINE#         1355
  C:2CA5H         LINE#         1356
  C:2CA5H         LINE#         1357
  C:2CADH         LINE#         1358
  C:2CB6H         LINE#         1359
  C:2CB6H         LINE#         1364
  C:2CC2H         LINE#         1365
BL51 BANKED LINKER/LOCATER V6.22                                                      07/13/2010  20:21:04  PAGE 34


  C:2CC2H         LINE#         1366
  C:2CC2H         LINE#         1367
  C:2CC5H         LINE#         1368
  C:2CC8H         LINE#         1369
  C:2CC8H         LINE#         1370
  C:2CCBH         LINE#         1371
  C:2CDDH         LINE#         1372
  C:2CDFH         LINE#         1373
  C:2CE2H         LINE#         1374
  C:2CE2H         LINE#         1375
  C:2CF0H         LINE#         1376
  C:2CF3H         LINE#         1377
  C:2CF5H         LINE#         1379
  C:2CF5H         LINE#         1380
  C:2CF8H         LINE#         1381
  C:2D08H         LINE#         1382
  C:2D08H         LINE#         1383
  C:2D0BH         LINE#         1384
  C:2D0DH         LINE#         1385
  C:2D0DH         LINE#         1390
  C:2D10H         LINE#         1391
  C:2D10H         LINE#         1392
  C:2D13H         LINE#         1393
  C:2D13H         LINE#         1394
  C:2D1AH         LINE#         1395
  C:2D1DH         LINE#         1396
  C:2D1DH         LINE#         1397
  C:2D21H         LINE#         1398
  C:2D26H         LINE#         1399
  C:2D26H         LINE#         1400
  C:2D29H         LINE#         1401
  C:2D31H         LINE#         1402
  C:2D34H         LINE#         1403
  C:2D34H         LINE#         1404
  C:2D3DH         LINE#         1405
  C:2D3FH         LINE#         1406
  C:2D46H         LINE#         1407
  C:2D46H         LINE#         1408
  C:2D46H         LINE#         1414
  C:2D52H         LINE#         1415
  C:2D52H         LINE#         1416
  C:2D59H         LINE#         1417
  C:2D59H         LINE#         1418
  C:2D60H         LINE#         1419
  C:2D60H         LINE#         1420
  C:2D67H         LINE#         1421
  C:2D67H         LINE#         1422
  C:2D6EH         LINE#         1423
  C:2D75H         LINE#         1424
  C:2D7AH         LINE#         1425
  C:2D7FH         LINE#         1426
  C:2D7FH         LINE#         1432
  C:2D91H         LINE#         1433
  C:2D91H         LINE#         1435
  C:2D94H         LINE#         1436
  C:2D96H         LINE#         1437
  C:2D9CH         LINE#         1438
BL51 BANKED LINKER/LOCATER V6.22                                                      07/13/2010  20:21:04  PAGE 35


  C:2DA4H         LINE#         1439
  C:2DA4H         LINE#         1445
  C:2DACH         LINE#         1446
  C:2DACH         LINE#         1447
  C:2DB7H         LINE#         1448
  C:2DC2H         LINE#         1449
  C:2DC7H         LINE#         1450
  C:2DC7H         LINE#         1451
  C:2DCAH         LINE#         1452
  C:2DD3H         LINE#         1453
  C:2DD3H         LINE#         1454
  C:2DD6H         LINE#         1455
  C:2DE7H         LINE#         1456
  C:2DF2H         LINE#         1457
  C:2DF2H         LINE#         1458
  C:2E00H         LINE#         1459
  C:2E00H         LINE#         1460
  C:2E02H         LINE#         1461
  C:2E05H         LINE#         1462
  C:2E0EH         LINE#         1463
  C:2E0EH         LINE#         1464
  C:2E11H         LINE#         1465
  C:2E11H         LINE#         1466
  C:2E13H         LINE#         1467
  C:2E1AH         LINE#         1468
  C:2E1AH         LINE#         1469
  C:2E1CH         LINE#         1470
  C:2E1CH         LINE#         1471
  C:2E1CH         LINE#         1472
  C:2E1EH         LINE#         1482
  C:2E25H         LINE#         1483
  C:2E2CH         LINE#         1484
  C:2E33H         LINE#         1485
  C:2E35H         LINE#         1486
  C:2E3FH         LINE#         1487
  C:2E45H         LINE#         1488
  C:2E45H         LINE#         1489
  C:2E4EH         LINE#         1490
  C:2E52H         LINE#         1491
  C:2E52H         LINE#         1493
  C:2E52H         LINE#         1494
  C:2E55H         LINE#         1495
  C:2E55H         LINE#         1496
  C:2E5EH         LINE#         1497
  C:2E62H         LINE#         1498
  C:2E62H         LINE#         1499
  C:2E64H         LINE#         1500
  C:2E6BH         LINE#         1501
  C:2E6BH         LINE#         1502
  C:2E74H         LINE#         1503
  C:2E74H         LINE#         1504
  -------         ENDPROC       KEYPAD_SCAN
  -------         PROC          GOTKEY
  -------         DO            
  D:0007H         SYMBOL        save
  D:002EH         SYMBOL        n
  -------         ENDDO         
BL51 BANKED LINKER/LOCATER V6.22                                                      07/13/2010  20:21:04  PAGE 36


  C:48CDH         LINE#         1508
  C:48CDH         LINE#         1509
  C:48CDH         LINE#         1511
  C:48D0H         LINE#         1512
  C:48D5H         LINE#         1513
  C:48DCH         LINE#         1514
  C:48DFH         LINE#         1515
  C:48DFH         LINE#         1516
  C:48E1H         LINE#         1517
  C:48E4H         LINE#         1518
  C:48E4H         LINE#         1519
  C:48E8H         LINE#         1520
  C:48EDH         LINE#         1521
  C:48EDH         LINE#         1522
  C:48EFH         LINE#         1523
  C:48F1H         LINE#         1524
  C:48F1H         LINE#         1525
  C:48FAH         LINE#         1526
  C:48FAH         LINE#         1527
  C:48FDH         LINE#         1528
  C:4903H         LINE#         1529
  C:4906H         LINE#         1530
  C:4906H         LINE#         1531
  C:490FH         LINE#         1532
  C:4912H         LINE#         1533
  C:4919H         LINE#         1534
  C:491BH         LINE#         1535
  -------         ENDPROC       GOTKEY
  -------         PROC          _KEY_DIS
  D:002CH         SYMBOL        k
[...]
  C:358EH         LINE#         3186
  C:358EH         LINE#         3187
  C:358EH         LINE#         3189
  C:359BH         LINE#         3190
  C:359EH         LINE#         3191
  C:35A8H         LINE#         3192
  C:35B1H         LINE#         3193
  C:35B6H         LINE#         3195
  C:35B6H         LINE#         3196
  C:35C0H         LINE#         3197
BL51 BANKED LINKER/LOCATER V6.22                                                      07/13/2010  20:21:04  PAGE 64


  C:35D7H         LINE#         3198
  C:35E1H         LINE#         3199
  C:35E4H         LINE#         3200
  C:35E4H         LINE#         3201
  C:35E4H         LINE#         3202
  C:35E9H         LINE#         3203
  C:35F9H         LINE#         3204
  C:360BH         LINE#         3205
  C:3620H         LINE#         3206
  C:3627H         LINE#         3207
  C:3627H         LINE#         3208
  C:3633H         LINE#         3209
  C:3633H         LINE#         3210
  C:3636H         LINE#         3211
  C:3638H         LINE#         3212
  C:3638H         LINE#         3213
  C:3653H         LINE#         3214
  C:3653H         LINE#         3215
  C:3653H         LINE#         3216
  C:3658H         LINE#         3217
  C:3658H         LINE#         3218
  C:365CH         LINE#         3219
  C:3663H         LINE#         3220
  C:366AH         LINE#         3221
  C:366CH         LINE#         3223
  C:3678H         LINE#         3224
  C:367FH         LINE#         3225
  C:3681H         LINE#         3226
  C:3683H         LINE#         3227
  C:3683H         LINE#         3228
  C:3688H         LINE#         3229
  C:3688H         LINE#         3230
  C:368CH         LINE#         3231
  C:3693H         LINE#         3232
  C:369BH         LINE#         3233
  C:369DH         LINE#         3234
  C:36A9H         LINE#         3235
  C:36ABH         LINE#         3236
  C:36ABH         LINE#         3237
  C:36B8H         LINE#         3238
  C:36BDH         LINE#         3239
  C:36BFH         LINE#         3240
  C:36BFH         LINE#         3241
  C:36CCH         LINE#         3242
  C:36D1H         LINE#         3243
  C:36D3H         LINE#         3244
  C:36D3H         LINE#         3245
  C:36E0H         LINE#         3246
  C:36E5H         LINE#         3247
  C:36E7H         LINE#         3248
  C:36EEH         LINE#         3250
  C:36EEH         LINE#         3251
  C:36FBH         LINE#         3252
  C:3706H         LINE#         3253
  C:3709H         LINE#         3254
  C:3709H         LINE#         3255
  C:370BH         LINE#         3256
BL51 BANKED LINKER/LOCATER V6.22                                                      07/13/2010  20:21:04  PAGE 65


  -------         ENDPROC       SET_FUNC
  -------         PROC          PASSWORK_FINISH
  -------         DO            
  D:0007H         SYMBOL        i
  -------         ENDDO         
  C:4D75H         LINE#         3272
  C:4D75H         LINE#         3273
  C:4D75H         LINE#         3275
  C:4D7DH         LINE#         3276
  C:4D7DH         LINE#         3277
  C:4D8AH         LINE#         3278
  C:4D97H         LINE#         3279
  C:4D9BH         LINE#         3280
  -------         ENDPROC       PASSWORK_FINISH
  -------         PROC          INPUT_PASSWORK
  -------         DO            
  D:0029H         SYMBOL        i
  D:002AH         SYMBOL        save
  -------         ENDDO         
  C:4800H         LINE#         3285
  C:4800H         LINE#         3286
  C:4800H         LINE#         3288
  C:4803H         LINE#         3289
  C:4810H         LINE#         3290
  C:4813H         LINE#         3291
  C:4813H         LINE#         3292
  C:4813H         LINE#         3293
  C:4813H         LINE#         3294
  C:481DH         LINE#         3295
  C:482EH         LINE#         3296
  C:4835H         LINE#         3297
  C:4835H         LINE#         3298
  C:483CH         LINE#         3299
  C:484CH         LINE#         3300
  C:4853H         LINE#         3301
  C:485BH         LINE#         3302
  C:4864H         LINE#         3303
  C:4866H         LINE#         3304
  -------         ENDPROC       INPUT_PASSWORK
  C:37F5H         SYMBOL        L?1350
  -------         PROC          INPUT_SECOND_PASSWORK
  -------         DO            
  D:0029H         SYMBOL        i
  D:002AH         SYMBOL        save
  -------         ENDDO         
  C:3721H         LINE#         3309
  C:3721H         LINE#         3310
  C:3721H         LINE#         3312
  C:3724H         LINE#         3313
  C:372AH         LINE#         3314
  C:372DH         LINE#         3315
  C:372DH         LINE#         3316
  C:3737H         LINE#         3317
  C:373EH         LINE#         3318
  C:374EH         LINE#         3319
  C:3755H         LINE#         3320
  C:375DH         LINE#         3321
BL51 BANKED LINKER/LOCATER V6.22                                                      07/13/2010  20:21:04  PAGE 66


  C:3766H         LINE#         3322
  C:376CH         LINE#         3323
  C:376CH         LINE#         3324
  C:3779H         LINE#         3325
  C:3780H         LINE#         3326
  C:3787H         LINE#         3327
  C:3791H         LINE#         3329
  C:3791H         LINE#         3331
  C:3791H         LINE#         3332
  C:3794H         LINE#         3333
  C:379EH         LINE#         3334
  C:37B0H         LINE#         3335
  C:37BAH         LINE#         3336
  C:37CEH         LINE#         3337
  C:37D3H         LINE#         3338
  C:37E0H         LINE#         3339
  C:37EAH         LINE#         3341
  C:37F1H         LINE#         3342
  C:37F1H         LINE#         3343
  C:37F4H         LINE#         3344
  -------         ENDPROC       INPUT_SECOND_PASSWORK
  -------         PROC          PASSWORK_COMP
  -------         DO            
  D:0005H         SYMBOL        i
  -------         ENDDO         
  C:4B8BH         LINE#         3349
  C:4B8BH         LINE#         3350
  C:4B8BH         LINE#         3352
  C:4B8EH         LINE#         3353
  C:4B96H         LINE#         3354
  C:4BA9H         LINE#         3355
  C:4BAFH         LINE#         3357
  C:4BAFH         LINE#         3358
  C:4BBCH         LINE#         3359
  C:4BBFH         LINE#         3360
  C:4BC5H         LINE#         3361
  C:4BC7H         LINE#         3362
  C:4BC7H         LINE#         3363
  -------         ENDPROC       PASSWORK_COMP
  C:1769H         SYMBOL        L?1199
  C:1779H         SYMBOL        L?1214
  C:1785H         SYMBOL        L?1220
  C:1795H         SYMBOL        L?1248
  C:179FH         SYMBOL        L?1296
  C:17A9H         SYMBOL        L?1306
  C:17B3H         SYMBOL        L?1389
  C:17BBH         SYMBOL        L?1390
  C:17C3H         SYMBOL        L?1391
  C:17CFH         SYMBOL        L?1392
  C:17D7H         SYMBOL        L?1393
  C:17DFH         SYMBOL        L?1424
  C:17E6H         SYMBOL        L?1425
  -------         PROC          PASSW_FUNC
  -------         DO            
  D:0026H         SYMBOL        save
  D:0027H         SYMBOL        d
  D:0028H         SYMBOL        key
BL51 BANKED LINKER/LOCATER V6.22                                                      07/13/2010  20:21:04  PAGE 67


  -------         ENDDO         
  C:1510H         LINE#         3368
  C:1510H         LINE#         3369
  C:1510H         LINE#         3371
  C:1515H         LINE#         3373
  C:1515H         LINE#         3374
  C:1518H         LINE#         3375
  C:1525H         LINE#         3376
  C:1528H         LINE#         3377
  C:152EH         LINE#         3378
  C:1534H         LINE#         3380
  C:1534H         LINE#         3381
  C:1544H         LINE#         3382
  C:1551H         LINE#         3383
  C:1561H         LINE#         3384
  C:1564H         LINE#         3385
  C:1564H         LINE#         3386
  C:1564H         LINE#         3387
  C:1564H         LINE#         3388
  C:1575H         LINE#         3389
  C:1589H         LINE#         3390
  C:15A0H         LINE#         3391
  C:15A6H         LINE#         3393
  C:15B4H         LINE#         3394
  C:15B4H         LINE#         3395
  C:15BCH         LINE#         3396
  C:15BCH         LINE#         3397
  C:15BFH         LINE#         3398
  C:15D1H         LINE#         3399
  C:15D1H         LINE#         3400
  C:15D1H         LINE#         3401
  C:15D1H         LINE#         3402
  C:15DAH         LINE#         3403
  C:15DAH         LINE#         3404
  C:15DAH         LINE#         3405
  C:15DAH         LINE#         3406
  C:15E1H         LINE#         3407
  C:15E1H         LINE#         3408
  C:15E7H         LINE#         3409
  C:15E7H         LINE#         3410
  C:15EDH         LINE#         3411
  C:15FBH         LINE#         3412
  C:1608H         LINE#         3413
  C:160AH         LINE#         3414
  C:1610H         LINE#         3415
  C:1612H         LINE#         3416
  C:1612H         LINE#         3417
  C:1612H         LINE#         3418
  C:1612H         LINE#         3419
  C:161EH         LINE#         3420
  C:1623H         LINE#         3421
  C:1623H         LINE#         3422
  C:1627H         LINE#         3423
  C:162DH         LINE#         3424
  C:162FH         LINE#         3425
  C:162FH         LINE#         3426
  C:1634H         LINE#         3427
BL51 BANKED LINKER/LOCATER V6.22                                                      07/13/2010  20:21:04  PAGE 68


  C:1634H         LINE#         3428
  C:1638H         LINE#         3429
  C:163EH         LINE#         3430
  C:1647H         LINE#         3431
  C:164EH         LINE#         3432
  C:164EH         LINE#         3433
  C:1651H         LINE#         3434
  C:1651H         LINE#         3435
  C:165FH         LINE#         3436
  C:1668H         LINE#         3437
  C:166BH         LINE#         3438
  C:166BH         LINE#         3439
  C:167BH         LINE#         3440
  C:167EH         LINE#         3441
  C:1687H         LINE#         3442
  C:1690H         LINE#         3443
  C:1692H         LINE#         3444
  C:1695H         LINE#         3445
  C:1697H         LINE#         3446
  C:1699H         LINE#         3447
  C:169BH         LINE#         3448
  C:169BH         LINE#         3449
  C:169BH         LINE#         3450
  C:169BH         LINE#         3451
  C:169BH         LINE#         3452
  C:169BH         LINE#         3453
  C:169BH         LINE#         3454
  C:169BH         LINE#         3455
  C:16A5H         LINE#         3456
  C:16ACH         LINE#         3457
  C:16ACH         LINE#         3458
  C:16ACH         LINE#         3459
  C:16ACH         LINE#         3460
  C:16B3H         LINE#         3461
  C:16B3H         LINE#         3462
  C:16B9H         LINE#         3463
  C:16B9H         LINE#         3464
  C:16C6H         LINE#         3465
  C:16CCH         LINE#         3466
  C:16CCH         LINE#         3467
  C:16D3H         LINE#         3468
  C:16DAH         LINE#         3469
  C:16DDH         LINE#         3470
  C:16DFH         LINE#         3471
  C:16DFH         LINE#         3472
  C:16DFH         LINE#         3473
  C:16DFH         LINE#         3474
  C:16DFH         LINE#         3475
  C:16DFH         LINE#         3476
  C:16EDH         LINE#         3477
  C:16F6H         LINE#         3478
  C:16F6H         LINE#         3479
  C:16F6H         LINE#         3480
  C:16FBH         LINE#         3481
  C:1701H         LINE#         3482
  C:1701H         LINE#         3483
  C:1704H         LINE#         3484
BL51 BANKED LINKER/LOCATER V6.22                                                      07/13/2010  20:21:04  PAGE 69


  C:1707H         LINE#         3485
  C:1707H         LINE#         3486
  C:1710H         LINE#         3488
  C:1710H         LINE#         3489
  C:1710H         LINE#         3490
  C:1715H         LINE#         3491
  C:171AH         LINE#         3492
  C:171FH         LINE#         3493
  C:171FH         LINE#         3494
  C:1725H         LINE#         3495
  C:1733H         LINE#         3496
  C:1736H         LINE#         3497
  C:1739H         LINE#         3498
  C:173CH         LINE#         3499
  C:1749H         LINE#         3500
  C:174FH         LINE#         3501
  C:1752H         LINE#         3502
  C:1752H         LINE#         3503
  C:1752H         LINE#         3504
  C:1752H         LINE#         3505
  C:1752H         LINE#         3506
  C:1758H         LINE#         3508
  C:1758H         LINE#         3509
  C:1758H         LINE#         3510
  C:175EH         LINE#         3511
  C:175EH         LINE#         3512
  C:1768H         LINE#         3514
  C:1768H         LINE#         3515
  -------         ENDPROC       PASSW_FUNC
  C:3E1BH         SYMBOL        L?1271
  C:3E2EH         SYMBOL        L?1297
  -------         PROC          VERSION_FUNC
  -------         DO            
  D:0026H         SYMBOL        save
  D:0027H         SYMBOL        v
  -------         ENDDO         
  C:3D44H         LINE#         3529
  C:3D44H         LINE#         3530
  C:3D44H         LINE#         3531
  C:3D47H         LINE#         3532
  C:3D51H         LINE#         3533
  C:3D54H         LINE#         3535
  C:3D54H         LINE#         3536
  C:3D61H         LINE#         3537
  C:3D6FH         LINE#         3538
  C:3D87H         LINE#         3539
  C:3D93H         LINE#         3540
  C:3D99H         LINE#         3541
  C:3D9FH         LINE#         3542
  C:3DAAH         LINE#         3543
  C:3DB8H         LINE#         3544
  C:3DC3H         LINE#         3545
  C:3DC8H         LINE#         3546
  C:3DD4H         LINE#         3547
  C:3DD4H         LINE#         3548
  C:3DD6H         LINE#         3549
  C:3DD9H         LINE#         3550
BL51 BANKED LINKER/LOCATER V6.22                                                      07/13/2010  20:21:04  PAGE 70


  C:3DDBH         LINE#         3551
  C:3DDBH         LINE#         3552
  C:3DE7H         LINE#         3553
  C:3DE7H         LINE#         3554
  C:3DE9H         LINE#         3555
  C:3DECH         LINE#         3556
  C:3DEEH         LINE#         3557
  C:3DEEH         LINE#         3558
  C:3DF4H         LINE#         3559
  C:3E0AH         LINE#         3560
  C:3E0AH         LINE#         3561
  C:3E17H         LINE#         3562
  C:3E1AH         LINE#         3564
  C:3E1AH         LINE#         3565
  C:3E1AH         LINE#         3566
  -------         ENDPROC       VERSION_FUNC
  -------         PROC          MAIN
  -------         DO            
  D:0025H         SYMBOL        key
  -------         ENDDO         
  C:3963H         LINE#         3580
  C:3963H         LINE#         3581
  C:3963H         LINE#         3583
  C:3966H         LINE#         3584
  C:3970H         LINE#         3585
  C:3977H         LINE#         3586
  C:397EH         LINE#         3587
  C:3980H         LINE#         3588
  C:398DH         LINE#         3589
  C:399AH         LINE#         3590
  C:39A3H         LINE#         3591
  C:39A6H         LINE#         3592
  C:39A9H         LINE#         3593
  C:39ACH         LINE#         3594
  C:39B2H         LINE#         3595
  C:39B5H         LINE#         3596
  C:39B5H         LINE#         3597
  C:39B8H         LINE#         3598
  C:39B8H         LINE#         3599
  C:39BBH         LINE#         3600
  C:39C2H         LINE#         3601
  C:39C2H         LINE#         3602
  C:39C2H         LINE#         3603
  C:39C4H         LINE#         3604
  C:39C6H         LINE#         3605
  C:39C8H         LINE#         3606
  C:39CBH         LINE#         3607
  C:39D7H         LINE#         3608
  C:39DFH         LINE#         3609
  C:39E2H         LINE#         3611
  C:39E2H         LINE#         3612
  C:39E7H         LINE#         3613
  C:39ECH         LINE#         3614
  C:39ECH         LINE#         3615
  C:39EEH         LINE#         3616
  C:39F0H         LINE#         3617
  C:39F3H         LINE#         3618
BL51 BANKED LINKER/LOCATER V6.22                                                      07/13/2010  20:21:04  PAGE 71


  C:39F6H         LINE#         3619
  C:3A03H         LINE#         3620
  C:3A0BH         LINE#         3621
  C:3A0BH         LINE#         3622
  C:3A0BH         LINE#         3623
  C:3A0DH         LINE#         3624
  C:3A12H         LINE#         3625
  C:3A1FH         LINE#         3626
  C:3A24H         LINE#         3627
  C:3A2FH         LINE#         3628
  C:3A2FH         LINE#         3629
  C:3A2FH         LINE#         3630
  C:3A2FH         LINE#         3631
  C:3A32H         LINE#         3632
  C:3A34H         LINE#         3633
  C:3A34H         LINE#         3634
  C:3A3CH         LINE#         3635
  C:3A3CH         LINE#         3636
  C:3A41H         LINE#         3637
  C:3A44H         LINE#         3639
  C:3A44H         LINE#         3640
  C:3A46H         LINE#         3641
  C:3A48H         LINE#         3642
  C:3A4BH         LINE#         3643
  C:3A50H         LINE#         3644
  C:3A53H         LINE#         3645
  C:3A5CH         LINE#         3646
  C:3A62H         LINE#         3647
  C:3A62H         LINE#         3648
  C:3A62H         LINE#         3649
  C:3A62H         LINE#         3650
  C:3A65H         LINE#         3651
  C:3A6AH         LINE#         3652
  C:3A70H         LINE#         3653
  C:3A73H         LINE#         3654
  C:3A82H         LINE#         3655
  C:3A82H         LINE#         3656
  C:3A85H         LINE#         3657
  C:3A87H         LINE#         3658
  C:3A8AH         LINE#         3659
  C:3A8CH         LINE#         3660
  C:3A8FH         LINE#         3661
  C:3A91H         LINE#         3662
  C:3A94H         LINE#         3663
  C:3A96H         LINE#         3664
  C:3A96H         LINE#         3665
  C:3A96H         LINE#         3666
  C:3A96H         LINE#         3667
  C:3AA0H         LINE#         3668
  C:3AAAH         LINE#         3669
  C:3AB4H         LINE#         3671
  C:3AB4H         LINE#         3672
  C:3AB4H         LINE#         3673
  C:3AB4H         LINE#         3674
  C:3AB7H         LINE#         3675
  C:3ABBH         LINE#         3676
  C:3ABDH         LINE#         3677
BL51 BANKED LINKER/LOCATER V6.22                                                      07/13/2010  20:21:04  PAGE 72


  C:3ABDH         LINE#         3678
  C:3ABDH         LINE#         3679
  C:3ABDH         LINE#         3680
  C:3ABDH         LINE#         3681
  -------         ENDPROC       MAIN
  -------         ENDMOD        ¿Ø_ÆÏµÍ³

  -------         MODULE        ?C?COPY
  C:1BD3H         PUBLIC        ?C?COPY
  -------         ENDMOD        ?C?COPY

  -------         MODULE        ?C?CLDPTR
  C:1BF9H         PUBLIC        ?C?CLDPTR
  -------         ENDMOD        ?C?CLDPTR

  -------         MODULE        ?C?UIDIV
  C:1C12H         PUBLIC        ?C?UIDIV
  -------         ENDMOD        ?C?UIDIV

  -------         MODULE        ?C?SIDIV
  C:1C67H         PUBLIC        ?C?SIDIV
  -------         ENDMOD        ?C?SIDIV

  -------         MODULE        ?C?LADD
  C:1C9DH         PUBLIC        ?C?LADD
  -------         ENDMOD        ?C?LADD

  -------         MODULE        ?C?LMUL
  C:1CAAH         PUBLIC        ?C?LMUL
  -------         ENDMOD        ?C?LMUL

  -------         MODULE        ?C?ULDIV
  C:1D35H         PUBLIC        ?C?ULDIV
  -------         ENDMOD        ?C?ULDIV

  -------         MODULE        ?C?ULCMP
  C:1DC7H         PUBLIC        ?C?ULCMP
  -------         ENDMOD        ?C?ULCMP

  -------         MODULE        ?C?OFFXADD
  C:1DD8H         PUBLIC        ?C?OFFXADD
  -------         ENDMOD        ?C?OFFXADD

  -------         MODULE        ?C?PLDIIDATA
  C:1DE4H         PUBLIC        ?C?PLDIIDATA
  -------         ENDMOD        ?C?PLDIIDATA

Program Size: data=111.0 xdata=0 code=20220
LINK/LOCATE RUN COMPLETE.  0 WARNING(S),  0 ERROR(S)
